Component: ARM Compiler 5.05 update 1 (build 106) Tool: armlink [4d0efa]

==============================================================================

Section Cross References

    main.o(.text) refers to _printf_percent.o(.ARM.Collect$$_printf_percent$$00000000) for _printf_percent
    main.o(.text) refers to _printf_s.o(.ARM.Collect$$_printf_percent$$00000014) for _printf_s
    main.o(.text) refers to _printf_str.o(.text) for _printf_str
    main.o(.text) refers to strstr.o(.text) for strstr
    main.o(.text) refers to usart3.o(.text) for u3_printf
    main.o(.text) refers to delay.o(.text) for delay_ms
    main.o(.text) refers to stm32f10x_usart.o(.text) for USART_SendData
    main.o(.text) refers to __2printf.o(.text) for __2printf
    main.o(.text) refers to rt_memclr.o(.text) for __aeabi_memclr
    main.o(.text) refers to stm32f10x_gpio.o(.text) for GPIO_SetBits
    main.o(.text) refers to __2sprintf.o(.text) for __2sprintf
    main.o(.text) refers to c89printf.o(.text) for __c89printf
    main.o(.text) refers to misc.o(.text) for NVIC_PriorityGroupConfig
    main.o(.text) refers to usart.o(.text) for uart_init
    main.o(.text) refers to led.o(.text) for LED_Init
    main.o(.text) refers to key.o(.text) for KEY_Init
    main.o(.text) refers to timer.o(.text) for TIM3_Int_Init
    main.o(.text) refers to api.o(.text) for GET_btn
    main.o(.text) refers to usart3.o(.data) for USART3_RX_STA
    main.o(.text) refers to usart3.o(.bss) for USART3_RX_BUF
    main.o(.text) refers to main.o(.data) for passwd
    main.o(.text) refers to timer.o(.data) for timInfo
    main.o(.data) refers to main.o(.conststring) for .conststring
    system_stm32f10x.o(.text) refers to system_stm32f10x.o(.data) for SystemCoreClock
    led.o(.text) refers to stm32f10x_rcc.o(.text) for RCC_APB2PeriphClockCmd
    led.o(.text) refers to stm32f10x_gpio.o(.text) for GPIO_Init
    key.o(.text) refers to stm32f10x_rcc.o(.text) for RCC_APB2PeriphClockCmd
    key.o(.text) refers to stm32f10x_gpio.o(.text) for GPIO_Init
    key.o(.text) refers to delay.o(.text) for delay_ms
    key.o(.text) refers to key.o(.data) for key_up
    usart3.o(.text) refers to stm32f10x_usart.o(.text) for USART_GetITStatus
    usart3.o(.text) refers to stm32f10x_tim.o(.text) for TIM_SetCounter
    usart3.o(.text) refers to stm32f10x_rcc.o(.text) for RCC_APB2PeriphClockCmd
    usart3.o(.text) refers to stm32f10x_gpio.o(.text) for GPIO_Init
    usart3.o(.text) refers to misc.o(.text) for NVIC_Init
    usart3.o(.text) refers to timer.o(.text) for TIM7_Int_Init
    usart3.o(.text) refers to c89vsprintf.o(.text) for __c89vsprintf
    usart3.o(.text) refers to strlen.o(.text) for strlen
    usart3.o(.text) refers to usart3.o(.data) for USART3_RX_STA
    usart3.o(.text) refers to usart3.o(.bss) for USART3_RX_BUF
    timer.o(.text) refers to stm32f10x_tim.o(.text) for TIM_GetITStatus
    timer.o(.text) refers to stm32f10x_rcc.o(.text) for RCC_APB1PeriphClockCmd
    timer.o(.text) refers to misc.o(.text) for NVIC_Init
    timer.o(.text) refers to usart3.o(.data) for USART3_RX_STA
    timer.o(.text) refers to timer.o(.data) for timInfo
    api.o(.text) refers to _printf_percent.o(.ARM.Collect$$_printf_percent$$00000000) for _printf_percent
    api.o(.text) refers to _printf_d.o(.ARM.Collect$$_printf_percent$$00000009) for _printf_d
    api.o(.text) refers to _printf_dec.o(.text) for _printf_int_dec
    api.o(.text) refers to _printf_s.o(.ARM.Collect$$_printf_percent$$00000014) for _printf_s
    api.o(.text) refers to _printf_str.o(.text) for _printf_str
    api.o(.text) refers to _printf_f.o(.ARM.Collect$$_printf_percent$$00000003) for _printf_f
    api.o(.text) refers to printf1.o(x$fpl$printf1) for _printf_fp_dec
    api.o(.text) refers to __2sprintf.o(.text) for __2sprintf
    api.o(.text) refers to strlen.o(.text) for strlen
    api.o(.text) refers to main.o(.text) for send_8266_cmd
    api.o(.text) refers to c89printf.o(.text) for __c89printf
    api.o(.text) refers to f2d.o(x$fpl$f2d) for __aeabi_f2d
    api.o(.text) refers to api.o(.data) for DATA
    api.o(.text) refers to api.o(.conststring) for .conststring
    api.o(.text) refers to api.o(.bss) for GET_TCP_DATA
    api.o(.text) refers to usart3.o(.bss) for USART3_RX_BUF
    delay.o(.text) refers to misc.o(.text) for SysTick_CLKSourceConfig
    delay.o(.text) refers to system_stm32f10x.o(.data) for SystemCoreClock
    delay.o(.text) refers to delay.o(.data) for fac_us
    usart.o(.text) refers (Special) to use_no_semi_2.o(.text) for __use_no_semihosting
    usart.o(.text) refers to stm32f10x_rcc.o(.text) for RCC_APB2PeriphClockCmd
    usart.o(.text) refers to stm32f10x_gpio.o(.text) for GPIO_Init
    usart.o(.text) refers to misc.o(.text) for NVIC_Init
    usart.o(.text) refers to stm32f10x_usart.o(.text) for USART_Init
    usart.o(.text) refers to usart.o(.data) for USART_RX_STA
    usart.o(.text) refers to usart.o(.bss) for USART_RX_BUF
[...]
    .ARM.Collect$$libinit$$0000000A          0x08000236   Section        0  libinit2.o(.ARM.Collect$$libinit$$0000000A)
    .ARM.Collect$$libinit$$0000000C          0x08000236   Section        0  libinit2.o(.ARM.Collect$$libinit$$0000000C)
    .ARM.Collect$$libinit$$0000000E          0x08000236   Section        0  libinit2.o(.ARM.Collect$$libinit$$0000000E)
    .ARM.Collect$$libinit$$0000000F          0x08000236   Section        6  libinit2.o(.ARM.Collect$$libinit$$0000000F)
    .ARM.Collect$$libinit$$00000011          0x0800023c   Section        0  libinit2.o(.ARM.Collect$$libinit$$00000011)
    .ARM.Collect$$libinit$$00000012          0x0800023c   Section       12  libinit2.o(.ARM.Collect$$libinit$$00000012)
    .ARM.Collect$$libinit$$00000013          0x08000248   Section        0  libinit2.o(.ARM.Collect$$libinit$$00000013)
    .ARM.Collect$$libinit$$00000015          0x08000248   Section        0  libinit2.o(.ARM.Collect$$libinit$$00000015)
    .ARM.Collect$$libinit$$00000016          0x08000248   Section       10  libinit2.o(.ARM.Collect$$libinit$$00000016)
    .ARM.Collect$$libinit$$00000017          0x08000252   Section        0  libinit2.o(.ARM.Collect$$libinit$$00000017)
    .ARM.Collect$$libinit$$00000019          0x08000252   Section        0  libinit2.o(.ARM.Collect$$libinit$$00000019)
    .ARM.Collect$$libinit$$0000001B          0x08000252   Section        0  libinit2.o(.ARM.Collect$$libinit$$0000001B)
    .ARM.Collect$$libinit$$0000001D          0x08000252   Section        0  libinit2.o(.ARM.Collect$$libinit$$0000001D)
    .ARM.Collect$$libinit$$0000001F          0x08000252   Section        0  libinit2.o(.ARM.Collect$$libinit$$0000001F)
    .ARM.Collect$$libinit$$00000021          0x08000252   Section        0  libinit2.o(.ARM.Collect$$libinit$$00000021)
    .ARM.Collect$$libinit$$00000023          0x08000252   Section        0  libinit2.o(.ARM.Collect$$libinit$$00000023)
    .ARM.Collect$$libinit$$00000025          0x08000252   Section        0  libinit2.o(.ARM.Collect$$libinit$$00000025)
    .ARM.Collect$$libinit$$0000002C          0x08000252   Section        0  libinit2.o(.ARM.Collect$$libinit$$0000002C)
    .ARM.Collect$$libinit$$0000002E          0x08000252   Section        0  libinit2.o(.ARM.Collect$$libinit$$0000002E)
    .ARM.Collect$$libinit$$00000030          0x08000252   Section        0  libinit2.o(.ARM.Collect$$libinit$$00000030)
    .ARM.Collect$$libinit$$00000032          0x08000252   Section        0  libinit2.o(.ARM.Collect$$libinit$$00000032)
    .ARM.Collect$$libinit$$00000033          0x08000252   Section        2  libinit2.o(.ARM.Collect$$libinit$$00000033)
    .ARM.Collect$$libshutdown$$00000000      0x08000254   Section        2  libshutdown.o(.ARM.Collect$$libshutdown$$00000000)
    .ARM.Collect$$libshutdown$$00000003      0x08000256   Section        0  libshutdown2.o(.ARM.Collect$$libshutdown$$00000003)
    .ARM.Collect$$libshutdown$$00000006      0x08000256   Section        0  libshutdown2.o(.ARM.Collect$$libshutdown$$00000006)
    .ARM.Collect$$libshutdown$$00000009      0x08000256   Section        0  libshutdown2.o(.ARM.Collect$$libshutdown$$00000009)
    .ARM.Collect$$libshutdown$$0000000B      0x08000256   Section        0  libshutdown2.o(.ARM.Collect$$libshutdown$$0000000B)
    .ARM.Collect$$libshutdown$$0000000E      0x08000256   Section        0  libshutdown2.o(.ARM.Collect$$libshutdown$$0000000E)
    .ARM.Collect$$libshutdown$$0000000F      0x08000256   Section        2  libshutdown2.o(.ARM.Collect$$libshutdown$$0000000F)
    .ARM.Collect$$rtentry$$00000000          0x08000258   Section        0  __rtentry.o(.ARM.Collect$$rtentry$$00000000)
    .ARM.Collect$$rtentry$$00000002          0x08000258   Section        0  __rtentry2.o(.ARM.Collect$$rtentry$$00000002)
    .ARM.Collect$$rtentry$$00000004          0x08000258   Section        6  __rtentry4.o(.ARM.Collect$$rtentry$$00000004)
    .ARM.Collect$$rtentry$$00000009          0x0800025e   Section        0  __rtentry2.o(.ARM.Collect$$rtentry$$00000009)
    .ARM.Collect$$rtentry$$0000000A          0x0800025e   Section        4  __rtentry2.o(.ARM.Collect$$rtentry$$0000000A)
    .ARM.Collect$$rtentry$$0000000C          0x08000262   Section        0  __rtentry2.o(.ARM.Collect$$rtentry$$0000000C)
    .ARM.Collect$$rtentry$$0000000D          0x08000262   Section        8  __rtentry2.o(.ARM.Collect$$rtentry$$0000000D)
    .ARM.Collect$$rtexit$$00000000           0x0800026a   Section        2  rtexit.o(.ARM.Collect$$rtexit$$00000000)
    .ARM.Collect$$rtexit$$00000002           0x0800026c   Section        0  rtexit2.o(.ARM.Collect$$rtexit$$00000002)
    .ARM.Collect$$rtexit$$00000003           0x0800026c   Section        4  rtexit2.o(.ARM.Collect$$rtexit$$00000003)
    .ARM.Collect$$rtexit$$00000004           0x08000270   Section        6  rtexit2.o(.ARM.Collect$$rtexit$$00000004)
    .text                                    0x08000278   Section        0  main.o(.text)
    .text                                    0x080005e8   Section        0  stm32f10x_it.o(.text)
    .text                                    0x08000604   Section        0  system_stm32f10x.o(.text)
    SetSysClockTo72                          0x08000605   Thumb Code   214  system_stm32f10x.o(.text)
    SetSysClock                              0x080006db   Thumb Code     8  system_stm32f10x.o(.text)
    .text                                    0x080007e4   Section        0  led.o(.text)
    .text                                    0x0800084c   Section        0  key.o(.text)
    .text                                    0x08000924   Section        0  usart3.o(.text)
    .text                                    0x08000aa0   Section        0  timer.o(.text)
    .text                                    0x08000bb8   Section        0  api.o(.text)
    .text                                    0x08000d20   Section        0  delay.o(.text)
    .text                                    0x08000df4   Section        0  usart.o(.text)
    .text                                    0x08000f34   Section       64  startup_stm32f10x_hd.o(.text)
    .text                                    0x08000f74   Section        0  misc.o(.text)
    .text                                    0x08001050   Section        0  stm32f10x_gpio.o(.text)
    .text                                    0x080013ac   Section        0  stm32f10x_rcc.o(.text)
    .text                                    0x08001750   Section        0  stm32f10x_usart.o(.text)
    .text                                    0x08001b58   Section        0  stm32f10x_tim.o(.text)
    TI4_Config                               0x08001fff   Thumb Code   130  stm32f10x_tim.o(.text)
    TI3_Config                               0x08002093   Thumb Code   122  stm32f10x_tim.o(.text)
    TI2_Config                               0x08002127   Thumb Code   130  stm32f10x_tim.o(.text)
    TI1_Config                               0x080021bb   Thumb Code   108  stm32f10x_tim.o(.text)
    .text                                    0x08002972   Section        2  use_no_semi_2.o(.text)
    .text                                    0x08002974   Section        0  c89printf.o(.text)
    .text                                    0x0800298c   Section        0  c89vsprintf.o(.text)
    .text                                    0x080029b0   Section        0  __2printf.o(.text)
    .text                                    0x080029c8   Section        0  __2sprintf.o(.text)
    .text                                    0x080029f4   Section        0  _printf_str.o(.text)
    .text                                    0x08002a48   Section        0  _printf_dec.o(.text)
    .text                                    0x08002ac0   Section        0  __printf_flags_ss_wp.o(.text)
    .text                                    0x08002c48   Section        0  strstr.o(.text)
    .text                                    0x08002c6c   Section        0  strlen.o(.text)
    .text                                    0x08002caa   Section       68  rt_memclr.o(.text)
    .text                                    0x08002cee   Section        0  heapauxi.o(.text)
    .text                                    0x08002cf4   Section        2  use_no_semi.o(.text)
    .text                                    0x08002cf6   Section        0  _printf_pad.o(.text)
    .text                                    0x08002d44   Section        0  _printf_truncate.o(.text)
    .text                                    0x08002d68   Section        0  _printf_intcommon.o(.text)
    .text                                    0x08002e1a   Section        0  _printf_charcount.o(.text)
    .text                                    0x08002e42   Section        0  _printf_fp_dec.o(.text)
    _fp_digits                               0x08002e45   Thumb Code   428  _printf_fp_dec.o(.text)
    .text                                    0x0800325c   Section        0  _printf_char_common.o(.text)
    _printf_input_char                       0x0800325d   Thumb Code    10  _printf_char_common.o(.text)
    .text                                    0x0800328c   Section        0  _sputc.o(.text)
    .text                                    0x08003296   Section        0  _printf_char.o(.text)
    .text                                    0x080032c4   Section        0  _printf_char_file.o(.text)
    .text                                    0x080032e8   Section        0  _printf_wctomb.o(.text)
    .text                                    0x080033a4   Section        0  _printf_longlong_dec.o(.text)
    .text                                    0x08003420   Section        0  _printf_oct_int_ll.o(.text)
    _printf_longlong_oct_internal            0x08003421   Thumb Code     0  _printf_oct_int_ll.o(.text)
    .text                                    0x08003490   Section        0  _printf_hex_int_ll_ptr.o(.text)
    _printf_hex_common                       0x08003491   Thumb Code     0  _printf_hex_int_ll_ptr.o(.text)
    .text                                    0x08003524   Section       78  rt_memclr_w.o(.text)
    .text                                    0x08003574   Section        8  rt_locale_intlibspace.o(.text)
    .text                                    0x0800357c   Section      138  lludiv10.o(.text)
    .text                                    0x08003608   Section        0  _printf_fp_infnan.o(.text)
    .text                                    0x08003688   Section        0  _printf_wchar.o(.text)
    .text                                    0x080036b4   Section        0  bigflt0.o(.text)
    .text                                    0x08003790   Section        0  ferror.o(.text)
    .text                                    0x08003798   Section        0  _wcrtomb.o(.text)
    .text                                    0x080037d8   Section        8  libspace.o(.text)
    .text                                    0x080037e0   Section       74  sys_stackheap_outer.o(.text)
    .text                                    0x0800382c   Section       16  rt_ctype_table.o(.text)
    .text                                    0x0800383c   Section        0  exit.o(.text)
    .text                                    0x08003848   Section      128  strcmpv7m.o(.text)
    CL$$btod_d2e                             0x080038c8   Section       62  btod.o(CL$$btod_d2e)
    CL$$btod_d2e_denorm_low                  0x08003906   Section       70  btod.o(CL$$btod_d2e_denorm_low)
    CL$$btod_d2e_norm_op1                    0x0800394c   Section       96  btod.o(CL$$btod_d2e_norm_op1)
    CL$$btod_div_common                      0x080039ac   Section      824  btod.o(CL$$btod_div_common)
    CL$$btod_e2e                             0x08003ce4   Section      198  btod.o(CL$$btod_e2e)
    CL$$btod_ediv                            0x08003daa   Section       40  btod.o(CL$$btod_ediv)
    CL$$btod_emul                            0x08003dd2   Section       40  btod.o(CL$$btod_emul)
    CL$$btod_mult_common                     0x08003dfa   Section      580  btod.o(CL$$btod_mult_common)
    i.__ARM_fpclassify                       0x0800403e   Section        0  fpclassify.o(i.__ARM_fpclassify)
    i._is_digit                              0x08004066   Section        0  __printf_wp.o(i._is_digit)
    locale$$code                             0x08004074   Section       44  lc_numeric_c.o(locale$$code)
    locale$$code                             0x080040a0   Section       44  lc_ctype_c.o(locale$$code)
    x$fpl$dretinf                            0x080040cc   Section       12  dretinf.o(x$fpl$dretinf)
    x$fpl$f2d                                0x080040d8   Section       86  f2d.o(x$fpl$f2d)
    x$fpl$fnaninf                            0x0800412e   Section      140  fnaninf.o(x$fpl$fnaninf)
    x$fpl$printf1                            0x080041ba   Section        4  printf1.o(x$fpl$printf1)
    .constdata                               0x080041be   Section       17  __printf_flags_ss_wp.o(.constdata)
    x$fpl$usenofp                            0x080041be   Section        0  usenofp.o(x$fpl$usenofp)
    maptable                                 0x080041be   Data          17  __printf_flags_ss_wp.o(.constdata)
    .constdata                               0x080041d0   Section        8  _printf_wctomb.o(.constdata)
    initial_mbstate                          0x080041d0   Data           8  _printf_wctomb.o(.constdata)
    .constdata                               0x080041d8   Section       40  _printf_hex_int_ll_ptr.o(.constdata)
    uc_hextab                                0x080041d8   Data          20  _printf_hex_int_ll_ptr.o(.constdata)
    lc_hextab                                0x080041ec   Data          20  _printf_hex_int_ll_ptr.o(.constdata)
    .constdata                               0x08004200   Section      148  bigflt0.o(.constdata)
    tenpwrs_x                                0x08004200   Data          60  bigflt0.o(.constdata)
    tenpwrs_i                                0x0800423c   Data          64  bigflt0.o(.constdata)
    .conststring                             0x08004294   Section       18  main.o(.conststring)
    .conststring                             0x080042a8   Section      269  api.o(.conststring)
    locale$$data                             0x080043d8   Section       28  lc_numeric_c.o(locale$$data)
    __lcnum_c_name                           0x080043dc   Data           2  lc_numeric_c.o(locale$$data)
    __lcnum_c_start                          0x080043e4   Data           0  lc_numeric_c.o(locale$$data)
    __lcnum_c_point                          0x080043f0   Data           0  lc_numeric_c.o(locale$$data)
    __lcnum_c_thousands                      0x080043f2   Data           0  lc_numeric_c.o(locale$$data)
    __lcnum_c_grouping                       0x080043f3   Data           0  lc_numeric_c.o(locale$$data)
    locale$$data                             0x080043f4   Section      272  lc_ctype_c.o(locale$$data)
    __lcnum_c_end                            0x080043f4   Data           0  lc_numeric_c.o(locale$$data)
    __lcctype_c_name                         0x080043f8   Data           2  lc_ctype_c.o(locale$$data)
    __lcctype_c_start                        0x08004400   Data           0  lc_ctype_c.o(locale$$data)
    __lcctype_c_end                          0x08004504   Data           0  lc_ctype_c.o(locale$$data)
    .data                                    0x20000000   Section       12  main.o(.data)
    .data                                    0x2000000c   Section       20  system_stm32f10x.o(.data)
    .data                                    0x20000020   Section        1  key.o(.data)
    key_up                                   0x20000020   Data           1  key.o(.data)
    .data                                    0x20000022   Section        2  usart3.o(.data)
    .data                                    0x20000024   Section        6  timer.o(.data)
    .data                                    0x2000002a   Section        2  api.o(.data)
    .data                                    0x2000002c   Section        4  delay.o(.data)
    fac_us                                   0x2000002c   Data           1  delay.o(.data)
    fac_ms                                   0x2000002e   Data           2  delay.o(.data)
    .data                                    0x20000030   Section        6  usart.o(.data)
    .data                                    0x20000036   Section       20  stm32f10x_rcc.o(.data)
    APBAHBPrescTable                         0x20000036   Data          16  stm32f10x_rcc.o(.data)
    ADCPrescTable                            0x20000046   Data           4  stm32f10x_rcc.o(.data)
    .bss                                     0x2000004c   Section     1200  usart3.o(.bss)
    .bss                                     0x200004fc   Section      300  api.o(.bss)
    .bss                                     0x20000628   Section      200  usart.o(.bss)
    .bss                                     0x200006f0   Section       96  libspace.o(.bss)
    HEAP                                     0x20000750   Section      512  startup_stm32f10x_hd.o(HEAP)
    Heap_Mem                                 0x20000750   Data         512  startup_stm32f10x_hd.o(HEAP)
    STACK                                    0x20000950   Section     1024  startup_stm32f10x_hd.o(STACK)
    Stack_Mem                                0x20000950   Data        1024  startup_stm32f10x_hd.o(STACK)
    __initial_sp                             0x20000d50   Data           0  startup_stm32f10x_hd.o(STACK)

    Global Symbols

    Symbol Name                              Value     Ov Type        Size  Object(Section)

    BuildAttributes$$THM_ISAv4$P$D$K$B$S$PE$A:L22UL41UL21$X:L11$S22US41US21$IEEE1$IW$USESV6$~STKCKD$USESV7$~SHL$OTIME$ROPI$IEEEJ$EBA8$UX$STANDARDLIB$REQ8$PRES8$EABIv2 0x00000000   Number         0  anon$$obj.o ABSOLUTE
    __ARM_use_no_argv                        0x00000000   Number         0  main.o ABSOLUTE
    _printf_flags                            0x00000000   Number         0  printf_stubs.o ABSOLUTE
    _printf_return_value                     0x00000000   Number         0  printf_stubs.o ABSOLUTE
    _printf_sizespec                         0x00000000   Number         0  printf_stubs.o ABSOLUTE
    _printf_widthprec                        0x00000000   Number         0  printf_stubs.o ABSOLUTE
    __ARM_exceptions_init                     - Undefined Weak Reference
    __alloca_initialize                       - Undefined Weak Reference
    __arm_preinit_                            - Undefined Weak Reference
    __cpp_initialize__aeabi_                  - Undefined Weak Reference
    __cxa_finalize                            - Undefined Weak Reference
    __sigvec_lookup                           - Undefined Weak Reference
    _atexit_init                              - Undefined Weak Reference
    _call_atexit_fns                          - Undefined Weak Reference
    _clock_init                               - Undefined Weak Reference
    _fp_trap_init                             - Undefined Weak Reference
    _fp_trap_shutdown                         - Undefined Weak Reference
    _get_lc_collate                           - Undefined Weak Reference
    _get_lc_monetary                          - Undefined Weak Reference
    _get_lc_time                              - Undefined Weak Reference
    _getenv_init                              - Undefined Weak Reference
    _handle_redirection                       - Undefined Weak Reference
    _init_alloc                               - Undefined Weak Reference
    _init_user_alloc                          - Undefined Weak Reference
    _initio                                   - Undefined Weak Reference
    _mutex_acquire                            - Undefined Weak Reference
    _mutex_release                            - Undefined Weak Reference
    _printf_fp_hex                            - Undefined Weak Reference
    _printf_mbtowc                            - Undefined Weak Reference
    _printf_wc                                - Undefined Weak Reference
    _rand_init                                - Undefined Weak Reference
    _signal_finish                            - Undefined Weak Reference
    _signal_init                              - Undefined Weak Reference
    _terminate_alloc                          - Undefined Weak Reference
    _terminate_user_alloc                     - Undefined Weak Reference
    _terminateio                              - Undefined Weak Reference
    __Vectors_Size                           0x00000130   Number         0  startup_stm32f10x_hd.o ABSOLUTE
    __Vectors                                0x08000000   Data           4  startup_stm32f10x_hd.o(RESET)
    __Vectors_End                            0x08000130   Data           0  startup_stm32f10x_hd.o(RESET)
    __main                                   0x08000131   Thumb Code     8  __main.o(!!!main)
    __scatterload                            0x08000139   Thumb Code     0  __scatter.o(!!!scatter)
    __scatterload_rt2                        0x08000139   Thumb Code    44  __scatter.o(!!!scatter)
    __scatterload_rt2_thumb_only             0x08000139   Thumb Code     0  __scatter.o(!!!scatter)
    __scatterload_null                       0x08000147   Thumb Code     0  __scatter.o(!!!scatter)
    __scatterload_copy                       0x0800016d   Thumb Code    26  __scatter_copy.o(!!handler_copy)
    __scatterload_zeroinit                   0x08000189   Thumb Code    28  __scatter_zi.o(!!handler_zi)
    _printf_n                                0x080001a5   Thumb Code     0  _printf_n.o(.ARM.Collect$$_printf_percent$$00000001)
    _printf_percent                          0x080001a5   Thumb Code     0  _printf_percent.o(.ARM.Collect$$_printf_percent$$00000000)
    _printf_p                                0x080001ab   Thumb Code     0  _printf_p.o(.ARM.Collect$$_printf_percent$$00000002)
    _printf_f                                0x080001b1   Thumb Code     0  _printf_f.o(.ARM.Collect$$_printf_percent$$00000003)
    _printf_e                                0x080001b7   Thumb Code     0  _printf_e.o(.ARM.Collect$$_printf_percent$$00000004)
    _printf_g                                0x080001bd   Thumb Code     0  _printf_g.o(.ARM.Collect$$_printf_percent$$00000005)
    _printf_a                                0x080001c3   Thumb Code     0  _printf_a.o(.ARM.Collect$$_printf_percent$$00000006)
    _printf_ll                               0x080001c9   Thumb Code     0  _printf_ll.o(.ARM.Collect$$_printf_percent$$00000007)
    _printf_i                                0x080001d3   Thumb Code     0  _printf_i.o(.ARM.Collect$$_printf_percent$$00000008)
    _printf_d                                0x080001d9   Thumb Code     0  _printf_d.o(.ARM.Collect$$_printf_percent$$00000009)
    _printf_u                                0x080001df   Thumb Code     0  _printf_u.o(.ARM.Collect$$_printf_percent$$0000000A)
    _printf_o                                0x080001e5   Thumb Code     0  _printf_o.o(.ARM.Collect$$_printf_percent$$0000000B)
    _printf_x                                0x080001eb   Thumb Code     0  _printf_x.o(.ARM.Collect$$_printf_percent$$0000000C)
    _printf_lli                              0x080001f1   Thumb Code     0  _printf_lli.o(.ARM.Collect$$_printf_percent$$0000000D)
    _printf_lld                              0x080001f7   Thumb Code     0  _printf_lld.o(.ARM.Collect$$_printf_percent$$0000000E)
    _printf_llu                              0x080001fd   Thumb Code     0  _printf_llu.o(.ARM.Collect$$_printf_percent$$0000000F)
    _printf_llo                              0x08000203   Thumb Code     0  _printf_llo.o(.ARM.Collect$$_printf_percent$$00000010)
    _printf_llx                              0x08000209   Thumb Code     0  _printf_llx.o(.ARM.Collect$$_printf_percent$$00000011)
    _printf_l                                0x0800020f   Thumb Code     0  _printf_l.o(.ARM.Collect$$_printf_percent$$00000012)
    _printf_c                                0x08000219   Thumb Code     0  _printf_c.o(.ARM.Collect$$_printf_percent$$00000013)
    _printf_s                                0x0800021f   Thumb Code     0  _printf_s.o(.ARM.Collect$$_printf_percent$$00000014)
    _printf_lc                               0x08000225   Thumb Code     0  _printf_lc.o(.ARM.Collect$$_printf_percent$$00000015)
    _printf_ls                               0x0800022b   Thumb Code     0  _printf_ls.o(.ARM.Collect$$_printf_percent$$00000016)
    _printf_percent_end                      0x08000231   Thumb Code     0  _printf_percent_end.o(.ARM.Collect$$_printf_percent$$00000017)
    __rt_lib_init                            0x08000235   Thumb Code     0  libinit.o(.ARM.Collect$$libinit$$00000000)
    __rt_lib_init_fp_1                       0x08000237   Thumb Code     0  libinit2.o(.ARM.Collect$$libinit$$00000002)
    __rt_lib_init_heap_1                     0x08000237   Thumb Code     0  libinit2.o(.ARM.Collect$$libinit$$0000000A)
    __rt_lib_init_lc_common                  0x08000237   Thumb Code     0  libinit2.o(.ARM.Collect$$libinit$$0000000F)
    __rt_lib_init_preinit_1                  0x08000237   Thumb Code     0  libinit2.o(.ARM.Collect$$libinit$$00000004)
    __rt_lib_init_rand_1                     0x08000237   Thumb Code     0  libinit2.o(.ARM.Collect$$libinit$$0000000E)
    __rt_lib_init_user_alloc_1               0x08000237   Thumb Code     0  libinit2.o(.ARM.Collect$$libinit$$0000000C)
    __rt_lib_init_lc_collate_1               0x0800023d   Thumb Code     0  libinit2.o(.ARM.Collect$$libinit$$00000011)
    __rt_lib_init_lc_ctype_2                 0x0800023d   Thumb Code     0  libinit2.o(.ARM.Collect$$libinit$$00000012)
    __rt_lib_init_lc_ctype_1                 0x08000249   Thumb Code     0  libinit2.o(.ARM.Collect$$libinit$$00000013)
    __rt_lib_init_lc_monetary_1              0x08000249   Thumb Code     0  libinit2.o(.ARM.Collect$$libinit$$00000015)
    __rt_lib_init_lc_numeric_2               0x08000249   Thumb Code     0  libinit2.o(.ARM.Collect$$libinit$$00000016)
    __rt_lib_init_alloca_1                   0x08000253   Thumb Code     0  libinit2.o(.ARM.Collect$$libinit$$0000002E)
    __rt_lib_init_argv_1                     0x08000253   Thumb Code     0  libinit2.o(.ARM.Collect$$libinit$$0000002C)
    __rt_lib_init_atexit_1                   0x08000253   Thumb Code     0  libinit2.o(.ARM.Collect$$libinit$$0000001B)
    __rt_lib_init_clock_1                    0x08000253   Thumb Code     0  libinit2.o(.ARM.Collect$$libinit$$00000021)
    __rt_lib_init_cpp_1                      0x08000253   Thumb Code     0  libinit2.o(.ARM.Collect$$libinit$$00000032)
    __rt_lib_init_exceptions_1               0x08000253   Thumb Code     0  libinit2.o(.ARM.Collect$$libinit$$00000030)
    __rt_lib_init_fp_trap_1                  0x08000253   Thumb Code     0  libinit2.o(.ARM.Collect$$libinit$$0000001F)
    __rt_lib_init_getenv_1                   0x08000253   Thumb Code     0  libinit2.o(.ARM.Collect$$libinit$$00000023)
    __rt_lib_init_lc_numeric_1               0x08000253   Thumb Code     0  libinit2.o(.ARM.Collect$$libinit$$00000017)
    __rt_lib_init_lc_time_1                  0x08000253   Thumb Code     0  libinit2.o(.ARM.Collect$$libinit$$00000019)
    __rt_lib_init_return                     0x08000253   Thumb Code     0  libinit2.o(.ARM.Collect$$libinit$$00000033)
    __rt_lib_init_signal_1                   0x08000253   Thumb Code     0  libinit2.o(.ARM.Collect$$libinit$$0000001D)
    __rt_lib_init_stdio_1                    0x08000253   Thumb Code     0  libinit2.o(.ARM.Collect$$libinit$$00000025)
    __rt_lib_shutdown                        0x08000255   Thumb Code     0  libshutdown.o(.ARM.Collect$$libshutdown$$00000000)
    __rt_lib_shutdown_fp_trap_1              0x08000257   Thumb Code     0  libshutdown2.o(.ARM.Collect$$libshutdown$$00000006)
    __rt_lib_shutdown_heap_1                 0x08000257   Thumb Code     0  libshutdown2.o(.ARM.Collect$$libshutdown$$0000000E)
    __rt_lib_shutdown_return                 0x08000257   Thumb Code     0  libshutdown2.o(.ARM.Collect$$libshutdown$$0000000F)
    __rt_lib_shutdown_signal_1               0x08000257   Thumb Code     0  libshutdown2.o(.ARM.Collect$$libshutdown$$00000009)
    __rt_lib_shutdown_stdio_1                0x08000257   Thumb Code     0  libshutdown2.o(.ARM.Collect$$libshutdown$$00000003)
    __rt_lib_shutdown_user_alloc_1           0x08000257   Thumb Code     0  libshutdown2.o(.ARM.Collect$$libshutdown$$0000000B)
    __rt_entry                               0x08000259   Thumb Code     0  __rtentry.o(.ARM.Collect$$rtentry$$00000000)
    __rt_entry_presh_1                       0x08000259   Thumb Code     0  __rtentry2.o(.ARM.Collect$$rtentry$$00000002)
    __rt_entry_sh                            0x08000259   Thumb Code     0  __rtentry4.o(.ARM.Collect$$rtentry$$00000004)
    __rt_entry_li                            0x0800025f   Thumb Code     0  __rtentry2.o(.ARM.Collect$$rtentry$$0000000A)
    __rt_entry_postsh_1                      0x0800025f   Thumb Code     0  __rtentry2.o(.ARM.Collect$$rtentry$$00000009)
    __rt_entry_main                          0x08000263   Thumb Code     0  __rtentry2.o(.ARM.Collect$$rtentry$$0000000D)
    __rt_entry_postli_1                      0x08000263   Thumb Code     0  __rtentry2.o(.ARM.Collect$$rtentry$$0000000C)
    __rt_exit                                0x0800026b   Thumb Code     0  rtexit.o(.ARM.Collect$$rtexit$$00000000)
    __rt_exit_ls                             0x0800026d   Thumb Code     0  rtexit2.o(.ARM.Collect$$rtexit$$00000003)
    __rt_exit_prels_1                        0x0800026d   Thumb Code     0  rtexit2.o(.ARM.Collect$$rtexit$$00000002)
    __rt_exit_exit                           0x08000271   Thumb Code     0  rtexit2.o(.ARM.Collect$$rtexit$$00000004)
    atk_8266_check_cmd                       0x08000279   Thumb Code    44  main.o(.text)
    send_8266_cmd                            0x080002a5   Thumb Code   214  main.o(.text)
    RST_8266                                 0x0800037b   Thumb Code    36  main.o(.text)
    ESP8266_Init                             0x0800039f   Thumb Code   160  main.o(.text)
    main                                     0x0800043f   Thumb Code   188  main.o(.text)
    NMI_Handler                              0x080005e9   Thumb Code     2  stm32f10x_it.o(.text)
    HardFault_Handler                        0x080005eb   Thumb Code     4  stm32f10x_it.o(.text)
    MemManage_Handler                        0x080005ef   Thumb Code     4  stm32f10x_it.o(.text)
    BusFault_Handler                         0x080005f3   Thumb Code     4  stm32f10x_it.o(.text)
    UsageFault_Handler                       0x080005f7   Thumb Code     4  stm32f10x_it.o(.text)
    SVC_Handler                              0x080005fb   Thumb Code     2  stm32f10x_it.o(.text)
    DebugMon_Handler                         0x080005fd   Thumb Code     2  stm32f10x_it.o(.text)
    PendSV_Handler                           0x080005ff   Thumb Code     2  stm32f10x_it.o(.text)
    SysTick_Handler                          0x08000601   Thumb Code     2  stm32f10x_it.o(.text)
    SystemInit                               0x080006e3   Thumb Code    78  system_stm32f10x.o(.text)
    SystemCoreClockUpdate                    0x08000731   Thumb Code   142  system_stm32f10x.o(.text)
    LED_Init                                 0x080007e5   Thumb Code    90  led.o(.text)
    KEY_Init                                 0x0800084d   Thumb Code    52  key.o(.text)
    KEY_Scan                                 0x08000881   Thumb Code   150  key.o(.text)
    USART3_IRQHandler                        0x08000925   Thumb Code    94  usart3.o(.text)
    usart3_init                              0x08000983   Thumb Code   190  usart3.o(.text)
    u3_printf                                0x08000a41   Thumb Code    72  usart3.o(.text)
    TIM7_IRQHandler                          0x08000aa1   Thumb Code    42  timer.o(.text)
    TIM7_Int_Init                            0x08000acb   Thumb Code    90  timer.o(.text)
    TIM3_Int_Init                            0x08000b25   Thumb Code    90  timer.o(.text)
    TIM3_IRQHandler                          0x08000b7f   Thumb Code    42  timer.o(.text)
    POST_value                               0x08000bb9   Thumb Code    54  api.o(.text)
    GET_value                                0x08000bef   Thumb Code    60  api.o(.text)
    GET_btn                                  0x08000c2b   Thumb Code    22  api.o(.text)
    POST_map                                 0x08000c41   Thumb Code    80  api.o(.text)
    delay_init                               0x08000d21   Thumb Code    50  delay.o(.text)
    delay_us                                 0x08000d53   Thumb Code    72  delay.o(.text)
    delay_ms                                 0x08000d9b   Thumb Code    72  delay.o(.text)
    _sys_exit                                0x08000df5   Thumb Code     6  usart.o(.text)
    fputc                                    0x08000dfb   Thumb Code    24  usart.o(.text)
    uart_init                                0x08000e13   Thumb Code   152  usart.o(.text)
    USART1_IRQHandler                        0x08000eab   Thumb Code   122  usart.o(.text)
    Reset_Handler                            0x08000f35   Thumb Code     8  startup_stm32f10x_hd.o(.text)
    ADC1_2_IRQHandler                        0x08000f4f   Thumb Code     0  startup_stm32f10x_hd.o(.text)
    ADC3_IRQHandler                          0x08000f4f   Thumb Code     0  startup_stm32f10x_hd.o(.text)
    CAN1_RX1_IRQHandler                      0x08000f4f   Thumb Code     0  startup_stm32f10x_hd.o(.text)
    CAN1_SCE_IRQHandler                      0x08000f4f   Thumb Code     0  startup_stm32f10x_hd.o(.text)
    DMA1_Channel1_IRQHandler                 0x08000f4f   Thumb Code     0  startup_stm32f10x_hd.o(.text)
    DMA1_Channel2_IRQHandler                 0x08000f4f   Thumb Code     0  startup_stm32f10x_hd.o(.text)
    DMA1_Channel3_IRQHandler                 0x08000f4f   Thumb Code     0  startup_stm32f10x_hd.o(.text)
    DMA1_Channel4_IRQHandler                 0x08000f4f   Thumb Code     0  startup_stm32f10x_hd.o(.text)
    DMA1_Channel5_IRQHandler                 0x08000f4f   Thumb Code     0  startup_stm32f10x_hd.o(.text)
    DMA1_Channel6_IRQHandler                 0x08000f4f   Thumb Code     0  startup_stm32f10x_hd.o(.text)
    DMA1_Channel7_IRQHandler                 0x08000f4f   Thumb Code     0  startup_stm32f10x_hd.o(.text)
    DMA2_Channel1_IRQHandler                 0x08000f4f   Thumb Code     0  startup_stm32f10x_hd.o(.text)
    DMA2_Channel2_IRQHandler                 0x08000f4f   Thumb Code     0  startup_stm32f10x_hd.o(.text)
    DMA2_Channel3_IRQHandler                 0x08000f4f   Thumb Code     0  startup_stm32f10x_hd.o(.text)
    DMA2_Channel4_5_IRQHandler               0x08000f4f   Thumb Code     0  startup_stm32f10x_hd.o(.text)
    EXTI0_IRQHandler                         0x08000f4f   Thumb Code     0  startup_stm32f10x_hd.o(.text)
    EXTI15_10_IRQHandler                     0x08000f4f   Thumb Code     0  startup_stm32f10x_hd.o(.text)
    EXTI1_IRQHandler                         0x08000f4f   Thumb Code     0  startup_stm32f10x_hd.o(.text)
    EXTI2_IRQHandler                         0x08000f4f   Thumb Code     0  startup_stm32f10x_hd.o(.text)
    EXTI3_IRQHandler                         0x08000f4f   Thumb Code     0  startup_stm32f10x_hd.o(.text)
    EXTI4_IRQHandler                         0x08000f4f   Thumb Code     0  startup_stm32f10x_hd.o(.text)
    EXTI9_5_IRQHandler                       0x08000f4f   Thumb Code     0  startup_stm32f10x_hd.o(.text)
    FLASH_IRQHandler                         0x08000f4f   Thumb Code     0  startup_stm32f10x_hd.o(.text)
    FSMC_IRQHandler                          0x08000f4f   Thumb Code     0  startup_stm32f10x_hd.o(.text)
    I2C1_ER_IRQHandler                       0x08000f4f   Thumb Code     0  startup_stm32f10x_hd.o(.text)
    I2C1_EV_IRQHandler                       0x08000f4f   Thumb Code     0  startup_stm32f10x_hd.o(.text)
    I2C2_ER_IRQHandler                       0x08000f4f   Thumb Code     0  startup_stm32f10x_hd.o(.text)
    I2C2_EV_IRQHandler                       0x08000f4f   Thumb Code     0  startup_stm32f10x_hd.o(.text)
    PVD_IRQHandler                           0x08000f4f   Thumb Code     0  startup_stm32f10x_hd.o(.text)
    RCC_IRQHandler                           0x08000f4f   Thumb Code     0  startup_stm32f10x_hd.o(.text)
    RTCAlarm_IRQHandler                      0x08000f4f   Thumb Code     0  startup_stm32f10x_hd.o(.text)
    RTC_IRQHandler                           0x08000f4f   Thumb Code     0  startup_stm32f10x_hd.o(.text)
    SDIO_IRQHandler                          0x08000f4f   Thumb Code     0  startup_stm32f10x_hd.o(.text)
    SPI1_IRQHandler                          0x08000f4f   Thumb Code     0  startup_stm32f10x_hd.o(.text)
    SPI2_IRQHandler                          0x08000f4f   Thumb Code     0  startup_stm32f10x_hd.o(.text)
    SPI3_IRQHandler                          0x08000f4f   Thumb Code     0  startup_stm32f10x_hd.o(.text)
    TAMPER_IRQHandler                        0x08000f4f   Thumb Code     0  startup_stm32f10x_hd.o(.text)
    TIM1_BRK_IRQHandler                      0x08000f4f   Thumb Code     0  startup_stm32f10x_hd.o(.text)
    TIM1_CC_IRQHandler                       0x08000f4f   Thumb Code     0  startup_stm32f10x_hd.o(.text)
    TIM1_TRG_COM_IRQHandler                  0x08000f4f   Thumb Code     0  startup_stm32f10x_hd.o(.text)
    TIM1_UP_IRQHandler                       0x08000f4f   Thumb Code     0  startup_stm32f10x_hd.o(.text)
    TIM2_IRQHandler                          0x08000f4f   Thumb Code     0  startup_stm32f10x_hd.o(.text)
    TIM4_IRQHandler                          0x08000f4f   Thumb Code     0  startup_stm32f10x_hd.o(.text)
    TIM5_IRQHandler                          0x08000f4f   Thumb Code     0  startup_stm32f10x_hd.o(.text)
    TIM6_IRQHandler                          0x08000f4f   Thumb Code     0  startup_stm32f10x_hd.o(.text)
    TIM8_BRK_IRQHandler                      0x08000f4f   Thumb Code     0  startup_stm32f10x_hd.o(.text)
    TIM8_CC_IRQHandler                       0x08000f4f   Thumb Code     0  startup_stm32f10x_hd.o(.text)
    TIM8_TRG_COM_IRQHandler                  0x08000f4f   Thumb Code     0  startup_stm32f10x_hd.o(.text)
    TIM8_UP_IRQHandler                       0x08000f4f   Thumb Code     0  startup_stm32f10x_hd.o(.text)
    UART4_IRQHandler                         0x08000f4f   Thumb Code     0  startup_stm32f10x_hd.o(.text)
    UART5_IRQHandler                         0x08000f4f   Thumb Code     0  startup_stm32f10x_hd.o(.text)
    USART2_IRQHandler                        0x08000f4f   Thumb Code     0  startup_stm32f10x_hd.o(.text)
    USBWakeUp_IRQHandler                     0x08000f4f   Thumb Code     0  startup_stm32f10x_hd.o(.text)
    USB_HP_CAN1_TX_IRQHandler                0x08000f4f   Thumb Code     0  startup_stm32f10x_hd.o(.text)
    USB_LP_CAN1_RX0_IRQHandler               0x08000f4f   Thumb Code     0  startup_stm32f10x_hd.o(.text)
    WWDG_IRQHandler                          0x08000f4f   Thumb Code     0  startup_stm32f10x_hd.o(.text)
    __user_initial_stackheap                 0x08000f51   Thumb Code     0  startup_stm32f10x_hd.o(.text)
    NVIC_PriorityGroupConfig                 0x08000f75   Thumb Code    10  misc.o(.text)
    NVIC_Init                                0x08000f7f   Thumb Code   100  misc.o(.text)
    NVIC_SetVectorTable                      0x08000fe3   Thumb Code    14  misc.o(.text)
    NVIC_SystemLPConfig                      0x08000ff1   Thumb Code    34  misc.o(.text)
    SysTick_CLKSourceConfig                  0x08001013   Thumb Code    40  misc.o(.text)
    GPIO_DeInit                              0x08001051   Thumb Code   172  stm32f10x_gpio.o(.text)
    GPIO_AFIODeInit                          0x080010fd   Thumb Code    20  stm32f10x_gpio.o(.text)
    GPIO_Init                                0x08001111   Thumb Code   278  stm32f10x_gpio.o(.text)
    GPIO_StructInit                          0x08001227   Thumb Code    16  stm32f10x_gpio.o(.text)
    GPIO_ReadInputDataBit                    0x08001237   Thumb Code    18  stm32f10x_gpio.o(.text)
    GPIO_ReadInputData                       0x08001249   Thumb Code     8  stm32f10x_gpio.o(.text)
    GPIO_ReadOutputDataBit                   0x08001251   Thumb Code    18  stm32f10x_gpio.o(.text)
    GPIO_ReadOutputData                      0x08001263   Thumb Code     8  stm32f10x_gpio.o(.text)
    GPIO_SetBits                             0x0800126b   Thumb Code     4  stm32f10x_gpio.o(.text)
    GPIO_ResetBits                           0x0800126f   Thumb Code     4  stm32f10x_gpio.o(.text)
    GPIO_WriteBit                            0x08001273   Thumb Code    10  stm32f10x_gpio.o(.text)
    GPIO_Write                               0x0800127d   Thumb Code     4  stm32f10x_gpio.o(.text)
    GPIO_PinLockConfig                       0x08001281   Thumb Code    18  stm32f10x_gpio.o(.text)
    GPIO_EventOutputConfig                   0x08001293   Thumb Code    26  stm32f10x_gpio.o(.text)
    GPIO_EventOutputCmd                      0x080012ad   Thumb Code     6  stm32f10x_gpio.o(.text)
    GPIO_PinRemapConfig                      0x080012b3   Thumb Code   138  stm32f10x_gpio.o(.text)
    GPIO_EXTILineConfig                      0x0800133d   Thumb Code    66  stm32f10x_gpio.o(.text)
    GPIO_ETH_MediaInterfaceConfig            0x0800137f   Thumb Code     8  stm32f10x_gpio.o(.text)
    RCC_DeInit                               0x080013ad   Thumb Code    64  stm32f10x_rcc.o(.text)
    RCC_HSEConfig                            0x080013ed   Thumb Code    70  stm32f10x_rcc.o(.text)
    RCC_GetFlagStatus                        0x08001433   Thumb Code    56  stm32f10x_rcc.o(.text)
    RCC_WaitForHSEStartUp                    0x0800146b   Thumb Code    56  stm32f10x_rcc.o(.text)
    RCC_AdjustHSICalibrationValue            0x080014a3   Thumb Code    20  stm32f10x_rcc.o(.text)
    RCC_HSICmd                               0x080014b7   Thumb Code     6  stm32f10x_rcc.o(.text)
    RCC_PLLConfig                            0x080014bd   Thumb Code    24  stm32f10x_rcc.o(.text)
    RCC_PLLCmd                               0x080014d5   Thumb Code     6  stm32f10x_rcc.o(.text)
    RCC_SYSCLKConfig                         0x080014db   Thumb Code    18  stm32f10x_rcc.o(.text)
    RCC_GetSYSCLKSource                      0x080014ed   Thumb Code    10  stm32f10x_rcc.o(.text)
    RCC_HCLKConfig                           0x080014f7   Thumb Code    18  stm32f10x_rcc.o(.text)
    RCC_PCLK1Config                          0x08001509   Thumb Code    18  stm32f10x_rcc.o(.text)
    RCC_PCLK2Config                          0x0800151b   Thumb Code    20  stm32f10x_rcc.o(.text)
    RCC_ITConfig                             0x0800152f   Thumb Code    26  stm32f10x_rcc.o(.text)
    RCC_USBCLKConfig                         0x08001549   Thumb Code     8  stm32f10x_rcc.o(.text)
    RCC_ADCCLKConfig                         0x08001551   Thumb Code    18  stm32f10x_rcc.o(.text)
    RCC_LSEConfig                            0x08001563   Thumb Code    50  stm32f10x_rcc.o(.text)
    RCC_LSICmd                               0x08001595   Thumb Code     6  stm32f10x_rcc.o(.text)
    RCC_RTCCLKConfig                         0x0800159b   Thumb Code    12  stm32f10x_rcc.o(.text)
    RCC_RTCCLKCmd                            0x080015a7   Thumb Code     8  stm32f10x_rcc.o(.text)
    RCC_GetClocksFreq                        0x080015af   Thumb Code   192  stm32f10x_rcc.o(.text)
    RCC_AHBPeriphClockCmd                    0x0800166f   Thumb Code    26  stm32f10x_rcc.o(.text)
    RCC_APB2PeriphClockCmd                   0x08001689   Thumb Code    26  stm32f10x_rcc.o(.text)
    RCC_APB1PeriphClockCmd                   0x080016a3   Thumb Code    26  stm32f10x_rcc.o(.text)
    RCC_APB2PeriphResetCmd                   0x080016bd   Thumb Code    26  stm32f10x_rcc.o(.text)
    RCC_APB1PeriphResetCmd                   0x080016d7   Thumb Code    26  stm32f10x_rcc.o(.text)
    RCC_BackupResetCmd                       0x080016f1   Thumb Code     8  stm32f10x_rcc.o(.text)
    RCC_ClockSecuritySystemCmd               0x080016f9   Thumb Code     6  stm32f10x_rcc.o(.text)
    RCC_MCOConfig                            0x080016ff   Thumb Code     6  stm32f10x_rcc.o(.text)
    RCC_ClearFlag                            0x08001705   Thumb Code    14  stm32f10x_rcc.o(.text)
    RCC_GetITStatus                          0x08001713   Thumb Code    20  stm32f10x_rcc.o(.text)
    RCC_ClearITPendingBit                    0x08001727   Thumb Code     6  stm32f10x_rcc.o(.text)
    USART_DeInit                             0x08001751   Thumb Code   134  stm32f10x_usart.o(.text)
    USART_Init                               0x080017d7   Thumb Code   210  stm32f10x_usart.o(.text)
    USART_StructInit                         0x080018a9   Thumb Code    24  stm32f10x_usart.o(.text)
    USART_ClockInit                          0x080018c1   Thumb Code    34  stm32f10x_usart.o(.text)
    USART_ClockStructInit                    0x080018e3   Thumb Code    12  stm32f10x_usart.o(.text)
    USART_Cmd                                0x080018ef   Thumb Code    24  stm32f10x_usart.o(.text)
    USART_ITConfig                           0x08001907   Thumb Code    74  stm32f10x_usart.o(.text)
    USART_DMACmd                             0x08001951   Thumb Code    18  stm32f10x_usart.o(.text)
    USART_SetAddress                         0x08001963   Thumb Code    18  stm32f10x_usart.o(.text)
    USART_WakeUpConfig                       0x08001975   Thumb Code    18  stm32f10x_usart.o(.text)
    USART_ReceiverWakeUpCmd                  0x08001987   Thumb Code    24  stm32f10x_usart.o(.text)
    USART_LINBreakDetectLengthConfig         0x0800199f   Thumb Code    18  stm32f10x_usart.o(.text)
    USART_LINCmd                             0x080019b1   Thumb Code    24  stm32f10x_usart.o(.text)
    USART_SendData                           0x080019c9   Thumb Code     8  stm32f10x_usart.o(.text)
    USART_ReceiveData                        0x080019d1   Thumb Code    10  stm32f10x_usart.o(.text)
    USART_SendBreak                          0x080019db   Thumb Code    10  stm32f10x_usart.o(.text)
    USART_SetGuardTime                       0x080019e5   Thumb Code    16  stm32f10x_usart.o(.text)
    USART_SetPrescaler                       0x080019f5   Thumb Code    16  stm32f10x_usart.o(.text)
    USART_SmartCardCmd                       0x08001a05   Thumb Code    24  stm32f10x_usart.o(.text)
    USART_SmartCardNACKCmd                   0x08001a1d   Thumb Code    24  stm32f10x_usart.o(.text)
    USART_HalfDuplexCmd                      0x08001a35   Thumb Code    24  stm32f10x_usart.o(.text)
    USART_OverSampling8Cmd                   0x08001a4d   Thumb Code    22  stm32f10x_usart.o(.text)
    USART_OneBitMethodCmd                    0x08001a63   Thumb Code    24  stm32f10x_usart.o(.text)
    USART_IrDAConfig                         0x08001a7b   Thumb Code    18  stm32f10x_usart.o(.text)
    USART_IrDACmd                            0x08001a8d   Thumb Code    24  stm32f10x_usart.o(.text)
    USART_GetFlagStatus                      0x08001aa5   Thumb Code    26  stm32f10x_usart.o(.text)
    USART_ClearFlag                          0x08001abf   Thumb Code    18  stm32f10x_usart.o(.text)
    USART_GetITStatus                        0x08001ad1   Thumb Code    84  stm32f10x_usart.o(.text)
    USART_ClearITPendingBit                  0x08001b25   Thumb Code    52  stm32f10x_usart.o(.text)
    TIM_DeInit                               0x08001b59   Thumb Code   424  stm32f10x_tim.o(.text)
    TIM_TimeBaseInit                         0x08001d01   Thumb Code   122  stm32f10x_tim.o(.text)
    TIM_OC1Init                              0x08001d7b   Thumb Code   132  stm32f10x_tim.o(.text)
    TIM_OC2Init                              0x08001dff   Thumb Code   154  stm32f10x_tim.o(.text)
    TIM_OC3Init                              0x08001e99   Thumb Code   150  stm32f10x_tim.o(.text)
    TIM_OC4Init                              0x08001f2f   Thumb Code   182  stm32f10x_tim.o(.text)
    TIM_SetIC4Prescaler                      0x08001fe5   Thumb Code    26  stm32f10x_tim.o(.text)
    TIM_SetIC3Prescaler                      0x08002081   Thumb Code    18  stm32f10x_tim.o(.text)
    TIM_SetIC2Prescaler                      0x0800210d   Thumb Code    26  stm32f10x_tim.o(.text)
    TIM_SetIC1Prescaler                      0x080021a9   Thumb Code    18  stm32f10x_tim.o(.text)
    TIM_ICInit                               0x08002227   Thumb Code   150  stm32f10x_tim.o(.text)
    TIM_PWMIConfig                           0x080022bd   Thumb Code   124  stm32f10x_tim.o(.text)
    TIM_BDTRConfig                           0x08002339   Thumb Code    32  stm32f10x_tim.o(.text)
    TIM_TimeBaseStructInit                   0x08002359   Thumb Code    18  stm32f10x_tim.o(.text)
    TIM_OCStructInit                         0x0800236b   Thumb Code    20  stm32f10x_tim.o(.text)
    TIM_ICStructInit                         0x0800237f   Thumb Code    18  stm32f10x_tim.o(.text)
    TIM_BDTRStructInit                       0x08002391   Thumb Code    40  stm32f10x_tim.o(.text)
    TIM_Cmd                                  0x080023b9   Thumb Code    24  stm32f10x_tim.o(.text)
    TIM_CtrlPWMOutputs                       0x080023d1   Thumb Code    30  stm32f10x_tim.o(.text)
    TIM_ITConfig                             0x080023ef   Thumb Code    18  stm32f10x_tim.o(.text)
    TIM_GenerateEvent                        0x08002401   Thumb Code     4  stm32f10x_tim.o(.text)
    TIM_DMAConfig                            0x08002405   Thumb Code    10  stm32f10x_tim.o(.text)
    TIM_DMACmd                               0x0800240f   Thumb Code    18  stm32f10x_tim.o(.text)
    TIM_InternalClockConfig                  0x08002421   Thumb Code    12  stm32f10x_tim.o(.text)
    TIM_SelectInputTrigger                   0x0800242d   Thumb Code    18  stm32f10x_tim.o(.text)
    TIM_ITRxExternalClockConfig              0x0800243f   Thumb Code    24  stm32f10x_tim.o(.text)
    TIM_TIxExternalClockConfig               0x08002457   Thumb Code    62  stm32f10x_tim.o(.text)
    TIM_ETRConfig                            0x08002495   Thumb Code    28  stm32f10x_tim.o(.text)
    TIM_ETRClockMode1Config                  0x080024b1   Thumb Code    54  stm32f10x_tim.o(.text)
    TIM_ETRClockMode2Config                  0x080024e7   Thumb Code    32  stm32f10x_tim.o(.text)
    TIM_PrescalerConfig                      0x08002507   Thumb Code     6  stm32f10x_tim.o(.text)
    TIM_CounterModeConfig                    0x0800250d   Thumb Code    18  stm32f10x_tim.o(.text)
    TIM_EncoderInterfaceConfig               0x0800251f   Thumb Code    66  stm32f10x_tim.o(.text)
    TIM_ForcedOC1Config                      0x08002561   Thumb Code    18  stm32f10x_tim.o(.text)
    TIM_ForcedOC2Config                      0x08002573   Thumb Code    26  stm32f10x_tim.o(.text)
    TIM_ForcedOC3Config                      0x0800258d   Thumb Code    18  stm32f10x_tim.o(.text)
    TIM_ForcedOC4Config                      0x0800259f   Thumb Code    26  stm32f10x_tim.o(.text)
    TIM_ARRPreloadConfig                     0x080025b9   Thumb Code    24  stm32f10x_tim.o(.text)
    TIM_SelectCOM                            0x080025d1   Thumb Code    24  stm32f10x_tim.o(.text)
    TIM_SelectCCDMA                          0x080025e9   Thumb Code    24  stm32f10x_tim.o(.text)
    TIM_CCPreloadControl                     0x08002601   Thumb Code    24  stm32f10x_tim.o(.text)
    TIM_OC1PreloadConfig                     0x08002619   Thumb Code    18  stm32f10x_tim.o(.text)
    TIM_OC2PreloadConfig                     0x0800262b   Thumb Code    26  stm32f10x_tim.o(.text)
    TIM_OC3PreloadConfig                     0x08002645   Thumb Code    18  stm32f10x_tim.o(.text)
    TIM_OC4PreloadConfig                     0x08002657   Thumb Code    26  stm32f10x_tim.o(.text)
    TIM_OC1FastConfig                        0x08002671   Thumb Code    18  stm32f10x_tim.o(.text)
    TIM_OC2FastConfig                        0x08002683   Thumb Code    26  stm32f10x_tim.o(.text)
    TIM_OC3FastConfig                        0x0800269d   Thumb Code    18  stm32f10x_tim.o(.text)
    TIM_OC4FastConfig                        0x080026af   Thumb Code    26  stm32f10x_tim.o(.text)
    TIM_ClearOC1Ref                          0x080026c9   Thumb Code    18  stm32f10x_tim.o(.text)
    TIM_ClearOC2Ref                          0x080026db   Thumb Code    24  stm32f10x_tim.o(.text)
    TIM_ClearOC3Ref                          0x080026f3   Thumb Code    18  stm32f10x_tim.o(.text)
    TIM_ClearOC4Ref                          0x08002705   Thumb Code    24  stm32f10x_tim.o(.text)
    TIM_OC1PolarityConfig                    0x0800271d   Thumb Code    18  stm32f10x_tim.o(.text)
    TIM_OC1NPolarityConfig                   0x0800272f   Thumb Code    18  stm32f10x_tim.o(.text)
    TIM_OC2PolarityConfig                    0x08002741   Thumb Code    26  stm32f10x_tim.o(.text)
    TIM_OC2NPolarityConfig                   0x0800275b   Thumb Code    26  stm32f10x_tim.o(.text)
    TIM_OC3PolarityConfig                    0x08002775   Thumb Code    26  stm32f10x_tim.o(.text)
    TIM_OC3NPolarityConfig                   0x0800278f   Thumb Code    26  stm32f10x_tim.o(.text)
    TIM_OC4PolarityConfig                    0x080027a9   Thumb Code    26  stm32f10x_tim.o(.text)
    TIM_CCxCmd                               0x080027c3   Thumb Code    30  stm32f10x_tim.o(.text)
    TIM_CCxNCmd                              0x080027e1   Thumb Code    30  stm32f10x_tim.o(.text)
    TIM_SelectOCxM                           0x080027ff   Thumb Code    82  stm32f10x_tim.o(.text)
    TIM_UpdateDisableConfig                  0x08002851   Thumb Code    24  stm32f10x_tim.o(.text)
    TIM_UpdateRequestConfig                  0x08002869   Thumb Code    24  stm32f10x_tim.o(.text)
    TIM_SelectHallSensor                     0x08002881   Thumb Code    24  stm32f10x_tim.o(.text)
    TIM_SelectOnePulseMode                   0x08002899   Thumb Code    18  stm32f10x_tim.o(.text)
    TIM_SelectOutputTrigger                  0x080028ab   Thumb Code    18  stm32f10x_tim.o(.text)
    TIM_SelectSlaveMode                      0x080028bd   Thumb Code    18  stm32f10x_tim.o(.text)
    TIM_SelectMasterSlaveMode                0x080028cf   Thumb Code    18  stm32f10x_tim.o(.text)
    TIM_SetCounter                           0x080028e1   Thumb Code     4  stm32f10x_tim.o(.text)
    TIM_SetAutoreload                        0x080028e5   Thumb Code     4  stm32f10x_tim.o(.text)
    TIM_SetCompare1                          0x080028e9   Thumb Code     4  stm32f10x_tim.o(.text)
    TIM_SetCompare2                          0x080028ed   Thumb Code     4  stm32f10x_tim.o(.text)
    TIM_SetCompare3                          0x080028f1   Thumb Code     4  stm32f10x_tim.o(.text)
    TIM_SetCompare4                          0x080028f5   Thumb Code     6  stm32f10x_tim.o(.text)
    TIM_SetClockDivision                     0x080028fb   Thumb Code    18  stm32f10x_tim.o(.text)
    TIM_GetCapture1                          0x0800290d   Thumb Code     6  stm32f10x_tim.o(.text)
    TIM_GetCapture2                          0x08002913   Thumb Code     6  stm32f10x_tim.o(.text)
    TIM_GetCapture3                          0x08002919   Thumb Code     6  stm32f10x_tim.o(.text)
    TIM_GetCapture4                          0x0800291f   Thumb Code     8  stm32f10x_tim.o(.text)
    TIM_GetCounter                           0x08002927   Thumb Code     6  stm32f10x_tim.o(.text)
    TIM_GetPrescaler                         0x0800292d   Thumb Code     6  stm32f10x_tim.o(.text)
    TIM_GetFlagStatus                        0x08002933   Thumb Code    18  stm32f10x_tim.o(.text)
    TIM_ClearFlag                            0x08002945   Thumb Code     6  stm32f10x_tim.o(.text)
    TIM_GetITStatus                          0x0800294b   Thumb Code    34  stm32f10x_tim.o(.text)
    TIM_ClearITPendingBit                    0x0800296d   Thumb Code     6  stm32f10x_tim.o(.text)
    __use_no_semihosting                     0x08002973   Thumb Code     2  use_no_semi_2.o(.text)
    __c89printf                              0x08002975   Thumb Code    20  c89printf.o(.text)
    __c89vsprintf                            0x0800298d   Thumb Code    32  c89vsprintf.o(.text)
    __2printf                                0x080029b1   Thumb Code    20  __2printf.o(.text)
    __2sprintf                               0x080029c9   Thumb Code    38  __2sprintf.o(.text)
    _printf_str                              0x080029f5   Thumb Code    82  _printf_str.o(.text)
    _printf_int_dec                          0x08002a49   Thumb Code   104  _printf_dec.o(.text)
    __printf                                 0x08002ac1   Thumb Code   388  __printf_flags_ss_wp.o(.text)
    strstr                                   0x08002c49   Thumb Code    36  strstr.o(.text)
    strlen                                   0x08002c6d   Thumb Code    62  strlen.o(.text)
    __aeabi_memclr                           0x08002cab   Thumb Code     0  rt_memclr.o(.text)
    __rt_memclr                              0x08002cab   Thumb Code    68  rt_memclr.o(.text)
    _memset                                  0x08002caf   Thumb Code     0  rt_memclr.o(.text)
    __use_two_region_memory                  0x08002cef   Thumb Code     2  heapauxi.o(.text)
    __rt_heap_escrow$2region                 0x08002cf1   Thumb Code     2  heapauxi.o(.text)
    __rt_heap_expand$2region                 0x08002cf3   Thumb Code     2  heapauxi.o(.text)
    __I$use$semihosting                      0x08002cf5   Thumb Code     0  use_no_semi.o(.text)
    __use_no_semihosting_swi                 0x08002cf5   Thumb Code     2  use_no_semi.o(.text)
    _printf_pre_padding                      0x08002cf7   Thumb Code    44  _printf_pad.o(.text)
    _printf_post_padding                     0x08002d23   Thumb Code    34  _printf_pad.o(.text)
    _printf_truncate_signed                  0x08002d45   Thumb Code    18  _printf_truncate.o(.text)
    _printf_truncate_unsigned                0x08002d57   Thumb Code    18  _printf_truncate.o(.text)
    _printf_int_common                       0x08002d69   Thumb Code   178  _printf_intcommon.o(.text)
    _printf_charcount                        0x08002e1b   Thumb Code    40  _printf_charcount.o(.text)
    __lib_sel_fp_printf                      0x08002e43   Thumb Code     2  _printf_fp_dec.o(.text)
    _printf_fp_dec_real                      0x08002ff1   Thumb Code   620  _printf_fp_dec.o(.text)
    _printf_char_common                      0x08003267   Thumb Code    32  _printf_char_common.o(.text)
    _sputc                                   0x0800328d   Thumb Code    10  _sputc.o(.text)
    _printf_cs_common                        0x08003297   Thumb Code    20  _printf_char.o(.text)
    _printf_char                             0x080032ab   Thumb Code    16  _printf_char.o(.text)
    _printf_string                           0x080032bb   Thumb Code     8  _printf_char.o(.text)
    _printf_char_file                        0x080032c5   Thumb Code    32  _printf_char_file.o(.text)
    _printf_wctomb                           0x080032e9   Thumb Code   182  _printf_wctomb.o(.text)
    _printf_longlong_dec                     0x080033a5   Thumb Code   108  _printf_longlong_dec.o(.text)
    _printf_longlong_oct                     0x08003421   Thumb Code    68  _printf_oct_int_ll.o(.text)
    _printf_int_oct                          0x08003465   Thumb Code    24  _printf_oct_int_ll.o(.text)
    _printf_ll_oct                           0x0800347d   Thumb Code    12  _printf_oct_int_ll.o(.text)
    _printf_longlong_hex                     0x08003491   Thumb Code    86  _printf_hex_int_ll_ptr.o(.text)
    _printf_int_hex                          0x080034e7   Thumb Code    28  _printf_hex_int_ll_ptr.o(.text)
    _printf_ll_hex                           0x08003503   Thumb Code    12  _printf_hex_int_ll_ptr.o(.text)
    _printf_hex_ptr                          0x0800350f   Thumb Code    18  _printf_hex_int_ll_ptr.o(.text)
    __aeabi_memclr4                          0x08003525   Thumb Code     0  rt_memclr_w.o(.text)
    __aeabi_memclr8                          0x08003525   Thumb Code     0  rt_memclr_w.o(.text)
    __rt_memclr_w                            0x08003525   Thumb Code    78  rt_memclr_w.o(.text)
    _memset_w                                0x08003529   Thumb Code     0  rt_memclr_w.o(.text)
    __rt_locale                              0x08003575   Thumb Code     8  rt_locale_intlibspace.o(.text)
    _ll_udiv10                               0x0800357d   Thumb Code   138  lludiv10.o(.text)
    _printf_fp_infnan                        0x08003609   Thumb Code   112  _printf_fp_infnan.o(.text)
    _printf_lcs_common                       0x08003689   Thumb Code    20  _printf_wchar.o(.text)
    _printf_wchar                            0x0800369d   Thumb Code    16  _printf_wchar.o(.text)
    _printf_wstring                          0x080036ad   Thumb Code     8  _printf_wchar.o(.text)
    _btod_etento                             0x080036b5   Thumb Code   216  bigflt0.o(.text)
    ferror                                   0x08003791   Thumb Code     8  ferror.o(.text)
    _wcrtomb                                 0x08003799   Thumb Code    64  _wcrtomb.o(.text)
    __user_libspace                          0x080037d9   Thumb Code     8  libspace.o(.text)
    __user_perproc_libspace                  0x080037d9   Thumb Code     0  libspace.o(.text)
    __user_perthread_libspace                0x080037d9   Thumb Code     0  libspace.o(.text)
    __user_setup_stackheap                   0x080037e1   Thumb Code    74  sys_stackheap_outer.o(.text)
    __rt_ctype_table                         0x0800382d   Thumb Code    16  rt_ctype_table.o(.text)
    exit                                     0x0800383d   Thumb Code    12  exit.o(.text)
    strcmp                                   0x08003849   Thumb Code   128  strcmpv7m.o(.text)
    _btod_d2e                                0x080038c9   Thumb Code    62  btod.o(CL$$btod_d2e)
    _d2e_denorm_low                          0x08003907   Thumb Code    70  btod.o(CL$$btod_d2e_denorm_low)
    _d2e_norm_op1                            0x0800394d   Thumb Code    96  btod.o(CL$$btod_d2e_norm_op1)
    __btod_div_common                        0x080039ad   Thumb Code   696  btod.o(CL$$btod_div_common)
    _e2e                                     0x08003ce5   Thumb Code   198  btod.o(CL$$btod_e2e)
    _btod_ediv                               0x08003dab   Thumb Code    40  btod.o(CL$$btod_ediv)
    _btod_emul                               0x08003dd3   Thumb Code    40  btod.o(CL$$btod_emul)
    __btod_mult_common                       0x08003dfb   Thumb Code   580  btod.o(CL$$btod_mult_common)
    __ARM_fpclassify                         0x0800403f   Thumb Code    40  fpclassify.o(i.__ARM_fpclassify)
    _is_digit                                0x08004067   Thumb Code    14  __printf_wp.o(i._is_digit)
    _get_lc_numeric                          0x08004075   Thumb Code    44  lc_numeric_c.o(locale$$code)
    _get_lc_ctype                            0x080040a1   Thumb Code    44  lc_ctype_c.o(locale$$code)
    __fpl_dretinf                            0x080040cd   Thumb Code    12  dretinf.o(x$fpl$dretinf)
    __aeabi_f2d                              0x080040d9   Thumb Code     0  f2d.o(x$fpl$f2d)
    _f2d                                     0x080040d9   Thumb Code    86  f2d.o(x$fpl$f2d)
    __fpl_fnaninf                            0x0800412f   Thumb Code   140  fnaninf.o(x$fpl$fnaninf)
    _printf_fp_dec                           0x080041bb   Thumb Code     4  printf1.o(x$fpl$printf1)
    __I$use$fp                               0x080041be   Number         0  usenofp.o(x$fpl$usenofp)
    Region$$Table$$Base                      0x080043b8   Number         0  anon$$obj.o(Region$$Table)
    Region$$Table$$Limit                     0x080043d8   Number         0  anon$$obj.o(Region$$Table)
    __ctype                                  0x08004401   Data           0  lc_ctype_c.o(locale$$data)
    cwjap                                    0x20000000   Data           1  main.o(.data)
    ssid                                     0x20000004   Data           4  main.o(.data)
    passwd                                   0x20000008   Data           4  main.o(.data)
    SystemCoreClock                          0x2000000c   Data           4  system_stm32f10x.o(.data)
    AHBPrescTable                            0x20000010   Data          16  system_stm32f10x.o(.data)
    USART3_RX_STA                            0x20000022   Data           2  usart3.o(.data)
    timInfo                                  0x20000024   Data           4  timer.o(.data)
    flag                                     0x20000028   Data           2  timer.o(.data)
    size                                     0x2000002a   Data           1  api.o(.data)
    DATA                                     0x2000002b   Data           1  api.o(.data)
    __stdout                                 0x20000030   Data           4  usart.o(.data)
    USART_RX_STA                             0x20000034   Data           2  usart.o(.data)
    USART3_RX_BUF                            0x2000004c   Data         600  usart3.o(.bss)
    USART3_TX_BUF                            0x200002a4   Data         600  usart3.o(.bss)
    GET_TCP_DATA                             0x200004fc   Data         300  api.o(.bss)
    USART_RX_BUF                             0x20000628   Data         200  usart.o(.bss)
    __libspace_start                         0x200006f0   Data          96  libspace.o(.bss)
    __temporary_stack_top$libspace           0x20000750   Data           0  libspace.o(.bss)



==============================================================================

Memory Map of the image

  Image Entry point : 0x08000131

  Load Region LR_IROM1 (Base: 0x08000000, Size: 0x00004550, Max: 0x00080000, ABSOLUTE)

    Execution Region ER_IROM1 (Base: 0x08000000, Size: 0x00004504, Max: 0x00080000, ABSOLUTE)

    Base Addr    Size         Type   Attr      Idx    E Section Name        Object

    0x08000000   0x00000130   Data   RO          357    RESET               startup_stm32f10x_hd.o
    0x08000130   0x00000008   Code   RO          478  * !!!main             c_w.l(__main.o)
    0x08000138   0x00000034   Code   RO          771    !!!scatter          c_w.l(__scatter.o)
    0x0800016c   0x0000001a   Code   RO          773    !!handler_copy      c_w.l(__scatter_copy.o)
    0x08000186   0x00000002   PAD
    0x08000188   0x0000001c   Code   RO          775    !!handler_zi        c_w.l(__scatter_zi.o)
    0x080001a4   0x00000000   Code   RO          469    .ARM.Collect$$_printf_percent$$00000000  c_w.l(_printf_percent.o)
    0x080001a4   0x00000006   Code   RO          538    .ARM.Collect$$_printf_percent$$00000001  c_w.l(_printf_n.o)
    0x080001aa   0x00000006   Code   RO          540    .ARM.Collect$$_printf_percent$$00000002  c_w.l(_printf_p.o)
    0x080001b0   0x00000006   Code   RO          468    .ARM.Collect$$_printf_percent$$00000003  c_w.l(_printf_f.o)
    0x080001b6   0x00000006   Code   RO          544    .ARM.Collect$$_printf_percent$$00000004  c_w.l(_printf_e.o)
    0x080001bc   0x00000006   Code   RO          545    .ARM.Collect$$_printf_percent$$00000005  c_w.l(_printf_g.o)
    0x080001c2   0x00000006   Code   RO          546    .ARM.Collect$$_printf_percent$$00000006  c_w.l(_printf_a.o)
    0x080001c8   0x0000000a   Code   RO          551    .ARM.Collect$$_printf_percent$$00000007  c_w.l(_printf_ll.o)
    0x080001d2   0x00000006   Code   RO          542    .ARM.Collect$$_printf_percent$$00000008  c_w.l(_printf_i.o)
    0x080001d8   0x00000006   Code   RO          467    .ARM.Collect$$_printf_percent$$00000009  c_w.l(_printf_d.o)
    0x080001de   0x00000006   Code   RO          543    .ARM.Collect$$_printf_percent$$0000000A  c_w.l(_printf_u.o)
    0x080001e4   0x00000006   Code   RO          541    .ARM.Collect$$_printf_percent$$0000000B  c_w.l(_printf_o.o)
    0x080001ea   0x00000006   Code   RO          539    .ARM.Collect$$_printf_percent$$0000000C  c_w.l(_printf_x.o)
    0x080001f0   0x00000006   Code   RO          548    .ARM.Collect$$_printf_percent$$0000000D  c_w.l(_printf_lli.o)
    0x080001f6   0x00000006   Code   RO          549    .ARM.Collect$$_printf_percent$$0000000E  c_w.l(_printf_lld.o)
    0x080001fc   0x00000006   Code   RO          550    .ARM.Collect$$_printf_percent$$0000000F  c_w.l(_printf_llu.o)
    0x08000202   0x00000006   Code   RO          555    .ARM.Collect$$_printf_percent$$00000010  c_w.l(_printf_llo.o)
    0x08000208   0x00000006   Code   RO          556    .ARM.Collect$$_printf_percent$$00000011  c_w.l(_printf_llx.o)
    0x0800020e   0x0000000a   Code   RO          552    .ARM.Collect$$_printf_percent$$00000012  c_w.l(_printf_l.o)
    0x08000218   0x00000006   Code   RO          537    .ARM.Collect$$_printf_percent$$00000013  c_w.l(_printf_c.o)
    0x0800021e   0x00000006   Code   RO          466    .ARM.Collect$$_printf_percent$$00000014  c_w.l(_printf_s.o)
    0x08000224   0x00000006   Code   RO          553    .ARM.Collect$$_printf_percent$$00000015  c_w.l(_printf_lc.o)
    0x0800022a   0x00000006   Code   RO          554    .ARM.Collect$$_printf_percent$$00000016  c_w.l(_printf_ls.o)
    0x08000230   0x00000004   Code   RO          547    .ARM.Collect$$_printf_percent$$00000017  c_w.l(_printf_percent_end.o)
    0x08000234   0x00000002   Code   RO          646    .ARM.Collect$$libinit$$00000000  c_w.l(libinit.o)
    0x08000236   0x00000000   Code   RO          648    .ARM.Collect$$libinit$$00000002  c_w.l(libinit2.o)
    0x08000236   0x00000000   Code   RO          650    .ARM.Collect$$libinit$$00000004  c_w.l(libinit2.o)
    0x08000236   0x00000000   Code   RO          653    .ARM.Collect$$libinit$$0000000A  c_w.l(libinit2.o)
    0x08000236   0x00000000   Code   RO          655    .ARM.Collect$$libinit$$0000000C  c_w.l(libinit2.o)
    0x08000236   0x00000000   Code   RO          657    .ARM.Collect$$libinit$$0000000E  c_w.l(libinit2.o)
    0x08000236   0x00000006   Code   RO          658    .ARM.Collect$$libinit$$0000000F  c_w.l(libinit2.o)
    0x0800023c   0x00000000   Code   RO          660    .ARM.Collect$$libinit$$00000011  c_w.l(libinit2.o)
    0x0800023c   0x0000000c   Code   RO          661    .ARM.Collect$$libinit$$00000012  c_w.l(libinit2.o)
    0x08000248   0x00000000   Code   RO          662    .ARM.Collect$$libinit$$00000013  c_w.l(libinit2.o)
    0x08000248   0x00000000   Code   RO          664    .ARM.Collect$$libinit$$00000015  c_w.l(libinit2.o)
    0x08000248   0x0000000a   Code   RO          665    .ARM.Collect$$libinit$$00000016  c_w.l(libinit2.o)
    0x08000252   0x00000000   Code   RO          666    .ARM.Collect$$libinit$$00000017  c_w.l(libinit2.o)
    0x08000252   0x00000000   Code   RO          668    .ARM.Collect$$libinit$$00000019  c_w.l(libinit2.o)
    0x08000252   0x00000000   Code   RO          670    .ARM.Collect$$libinit$$0000001B  c_w.l(libinit2.o)
    0x08000252   0x00000000   Code   RO          672    .ARM.Collect$$libinit$$0000001D  c_w.l(libinit2.o)
    0x08000252   0x00000000   Code   RO          674    .ARM.Collect$$libinit$$0000001F  c_w.l(libinit2.o)
    0x08000252   0x00000000   Code   RO          676    .ARM.Collect$$libinit$$00000021  c_w.l(libinit2.o)
    0x08000252   0x00000000   Code   RO          678    .ARM.Collect$$libinit$$00000023  c_w.l(libinit2.o)
    0x08000252   0x00000000   Code   RO          680    .ARM.Collect$$libinit$$00000025  c_w.l(libinit2.o)
    0x08000252   0x00000000   Code   RO          684    .ARM.Collect$$libinit$$0000002C  c_w.l(libinit2.o)
    0x08000252   0x00000000   Code   RO          686    .ARM.Collect$$libinit$$0000002E  c_w.l(libinit2.o)
    0x08000252   0x00000000   Code   RO          688    .ARM.Collect$$libinit$$00000030  c_w.l(libinit2.o)
    0x08000252   0x00000000   Code   RO          690    .ARM.Collect$$libinit$$00000032  c_w.l(libinit2.o)
    0x08000252   0x00000002   Code   RO          691    .ARM.Collect$$libinit$$00000033  c_w.l(libinit2.o)
    0x08000254   0x00000002   Code   RO          722    .ARM.Collect$$libshutdown$$00000000  c_w.l(libshutdown.o)
    0x08000256   0x00000000   Code   RO          732    .ARM.Collect$$libshutdown$$00000003  c_w.l(libshutdown2.o)
    0x08000256   0x00000000   Code   RO          735    .ARM.Collect$$libshutdown$$00000006  c_w.l(libshutdown2.o)
    0x08000256   0x00000000   Code   RO          738    .ARM.Collect$$libshutdown$$00000009  c_w.l(libshutdown2.o)
    0x08000256   0x00000000   Code   RO          740    .ARM.Collect$$libshutdown$$0000000B  c_w.l(libshutdown2.o)
    0x08000256   0x00000000   Code   RO          743    .ARM.Collect$$libshutdown$$0000000E  c_w.l(libshutdown2.o)
    0x08000256   0x00000002   Code   RO          744    .ARM.Collect$$libshutdown$$0000000F  c_w.l(libshutdown2.o)
    0x08000258   0x00000000   Code   RO          486    .ARM.Collect$$rtentry$$00000000  c_w.l(__rtentry.o)
    0x08000258   0x00000000   Code   RO          565    .ARM.Collect$$rtentry$$00000002  c_w.l(__rtentry2.o)
    0x08000258   0x00000006   Code   RO          577    .ARM.Collect$$rtentry$$00000004  c_w.l(__rtentry4.o)
    0x0800025e   0x00000000   Code   RO          567    .ARM.Collect$$rtentry$$00000009  c_w.l(__rtentry2.o)
    0x0800025e   0x00000004   Code   RO          568    .ARM.Collect$$rtentry$$0000000A  c_w.l(__rtentry2.o)
    0x08000262   0x00000000   Code   RO          570    .ARM.Collect$$rtentry$$0000000C  c_w.l(__rtentry2.o)
    0x08000262   0x00000008   Code   RO          571    .ARM.Collect$$rtentry$$0000000D  c_w.l(__rtentry2.o)
    0x0800026a   0x00000002   Code   RO          692    .ARM.Collect$$rtexit$$00000000  c_w.l(rtexit.o)
    0x0800026c   0x00000000   Code   RO          702    .ARM.Collect$$rtexit$$00000002  c_w.l(rtexit2.o)
    0x0800026c   0x00000004   Code   RO          703    .ARM.Collect$$rtexit$$00000003  c_w.l(rtexit2.o)
    0x08000270   0x00000006   Code   RO          704    .ARM.Collect$$rtexit$$00000004  c_w.l(rtexit2.o)
    0x08000276   0x00000002   PAD
    0x08000278   0x00000370   Code   RO            1    .text               main.o
    0x080005e8   0x0000001a   Code   RO          143    .text               stm32f10x_it.o
    0x08000602   0x00000002   PAD
    0x08000604   0x000001e0   Code   RO          184    .text               system_stm32f10x.o
    0x080007e4   0x00000068   Code   RO          202    .text               led.o
    0x0800084c   0x000000d8   Code   RO          214    .text               key.o
    0x08000924   0x0000017c   Code   RO          227    .text               usart3.o
    0x08000aa0   0x00000118   Code   RO          253    .text               timer.o
    0x08000bb8   0x00000168   Code   RO          274    .text               api.o
    0x08000d20   0x000000d4   Code   RO          291    .text               delay.o
    0x08000df4   0x00000140   Code   RO          322    .text               usart.o
    0x08000f34   0x00000040   Code   RO          358    .text               startup_stm32f10x_hd.o
    0x08000f74   0x000000dc   Code   RO          362    .text               misc.o
    0x08001050   0x0000035c   Code   RO          374    .text               stm32f10x_gpio.o
    0x080013ac   0x000003a4   Code   RO          386    .text               stm32f10x_rcc.o
    0x08001750   0x00000408   Code   RO          400    .text               stm32f10x_usart.o
    0x08001b58   0x00000e1a   Code   RO          412    .text               stm32f10x_tim.o
    0x08002972   0x00000002   Code   RO          426    .text               c_w.l(use_no_semi_2.o)
    0x08002974   0x00000018   Code   RO          428    .text               c_w.l(c89printf.o)
    0x0800298c   0x00000024   Code   RO          430    .text               c_w.l(c89vsprintf.o)
    0x080029b0   0x00000018   Code   RO          432    .text               c_w.l(__2printf.o)
    0x080029c8   0x0000002c   Code   RO          434    .text               c_w.l(__2sprintf.o)
    0x080029f4   0x00000052   Code   RO          442    .text               c_w.l(_printf_str.o)
    0x08002a46   0x00000002   PAD
    0x08002a48   0x00000078   Code   RO          444    .text               c_w.l(_printf_dec.o)
    0x08002ac0   0x00000188   Code   RO          463    .text               c_w.l(__printf_flags_ss_wp.o)
    0x08002c48   0x00000024   Code   RO          470    .text               c_w.l(strstr.o)
    0x08002c6c   0x0000003e   Code   RO          472    .text               c_w.l(strlen.o)
    0x08002caa   0x00000044   Code   RO          474    .text               c_w.l(rt_memclr.o)
    0x08002cee   0x00000006   Code   RO          476    .text               c_w.l(heapauxi.o)
    0x08002cf4   0x00000002   Code   RO          484    .text               c_w.l(use_no_semi.o)
    0x08002cf6   0x0000004e   Code   RO          487    .text               c_w.l(_printf_pad.o)
    0x08002d44   0x00000024   Code   RO          489    .text               c_w.l(_printf_truncate.o)
    0x08002d68   0x000000b2   Code   RO          491    .text               c_w.l(_printf_intcommon.o)
    0x08002e1a   0x00000028   Code   RO          493    .text               c_w.l(_printf_charcount.o)
    0x08002e42   0x0000041a   Code   RO          495    .text               c_w.l(_printf_fp_dec.o)
    0x0800325c   0x00000030   Code   RO          497    .text               c_w.l(_printf_char_common.o)
    0x0800328c   0x0000000a   Code   RO          499    .text               c_w.l(_sputc.o)
    0x08003296   0x0000002c   Code   RO          501    .text               c_w.l(_printf_char.o)
    0x080032c2   0x00000002   PAD
    0x080032c4   0x00000024   Code   RO          503    .text               c_w.l(_printf_char_file.o)
    0x080032e8   0x000000bc   Code   RO          505    .text               c_w.l(_printf_wctomb.o)
    0x080033a4   0x0000007c   Code   RO          508    .text               c_w.l(_printf_longlong_dec.o)
    0x08003420   0x00000070   Code   RO          514    .text               c_w.l(_printf_oct_int_ll.o)
    0x08003490   0x00000094   Code   RO          534    .text               c_w.l(_printf_hex_int_ll_ptr.o)
    0x08003524   0x0000004e   Code   RO          557    .text               c_w.l(rt_memclr_w.o)
    0x08003572   0x00000002   PAD
    0x08003574   0x00000008   Code   RO          582    .text               c_w.l(rt_locale_intlibspace.o)
    0x0800357c   0x0000008a   Code   RO          584    .text               c_w.l(lludiv10.o)
    0x08003606   0x00000002   PAD
    0x08003608   0x00000080   Code   RO          586    .text               c_w.l(_printf_fp_infnan.o)
    0x08003688   0x0000002c   Code   RO          590    .text               c_w.l(_printf_wchar.o)
    0x080036b4   0x000000dc   Code   RO          592    .text               c_w.l(bigflt0.o)
    0x08003790   0x00000008   Code   RO          617    .text               c_w.l(ferror.o)
    0x08003798   0x00000040   Code   RO          621    .text               c_w.l(_wcrtomb.o)
    0x080037d8   0x00000008   Code   RO          630    .text               c_w.l(libspace.o)
    0x080037e0   0x0000004a   Code   RO          633    .text               c_w.l(sys_stackheap_outer.o)
    0x0800382a   0x00000002   PAD
    0x0800382c   0x00000010   Code   RO          635    .text               c_w.l(rt_ctype_table.o)
    0x0800383c   0x0000000c   Code   RO          637    .text               c_w.l(exit.o)
    0x08003848   0x00000080   Code   RO          639    .text               c_w.l(strcmpv7m.o)
    0x080038c8   0x0000003e   Code   RO          595    CL$$btod_d2e        c_w.l(btod.o)
    0x08003906   0x00000046   Code   RO          597    CL$$btod_d2e_denorm_low  c_w.l(btod.o)
    0x0800394c   0x00000060   Code   RO          596    CL$$btod_d2e_norm_op1  c_w.l(btod.o)
    0x080039ac   0x00000338   Code   RO          605    CL$$btod_div_common  c_w.l(btod.o)
    0x08003ce4   0x000000c6   Code   RO          602    CL$$btod_e2e        c_w.l(btod.o)
    0x08003daa   0x00000028   Code   RO          599    CL$$btod_ediv       c_w.l(btod.o)
    0x08003dd2   0x00000028   Code   RO          598    CL$$btod_emul       c_w.l(btod.o)
    0x08003dfa   0x00000244   Code   RO          604    CL$$btod_mult_common  c_w.l(btod.o)
    0x0800403e   0x00000028   Code   RO          628    i.__ARM_fpclassify  m_ws.l(fpclassify.o)
    0x08004066   0x0000000e   Code   RO          456    i._is_digit         c_w.l(__printf_wp.o)
    0x08004074   0x0000002c   Code   RO          624    locale$$code        c_w.l(lc_numeric_c.o)
    0x080040a0   0x0000002c   Code   RO          695    locale$$code        c_w.l(lc_ctype_c.o)
    0x080040cc   0x0000000c   Code   RO          559    x$fpl$dretinf       fz_ws.l(dretinf.o)
    0x080040d8   0x00000056   Code   RO          480    x$fpl$f2d           fz_ws.l(f2d.o)
    0x0800412e   0x0000008c   Code   RO          561    x$fpl$fnaninf       fz_ws.l(fnaninf.o)
    0x080041ba   0x00000004   Code   RO          482    x$fpl$printf1       fz_ws.l(printf1.o)
    0x080041be   0x00000000   Code   RO          563    x$fpl$usenofp       fz_ws.l(usenofp.o)
    0x080041be   0x00000011   Data   RO          464    .constdata          c_w.l(__printf_flags_ss_wp.o)
    0x080041cf   0x00000001   PAD
    0x080041d0   0x00000008   Data   RO          506    .constdata          c_w.l(_printf_wctomb.o)
    0x080041d8   0x00000028   Data   RO          535    .constdata          c_w.l(_printf_hex_int_ll_ptr.o)
    0x08004200   0x00000094   Data   RO          593    .constdata          c_w.l(bigflt0.o)
    0x08004294   0x00000012   Data   RO            2    .conststring        main.o
    0x080042a6   0x00000002   PAD
    0x080042a8   0x0000010d   Data   RO          276    .conststring        api.o
    0x080043b5   0x00000003   PAD
    0x080043b8   0x00000020   Data   RO          769    Region$$Table       anon$$obj.o
    0x080043d8   0x0000001c   Data   RO          623    locale$$data        c_w.l(lc_numeric_c.o)
    0x080043f4   0x00000110   Data   RO          694    locale$$data        c_w.l(lc_ctype_c.o)


    Execution Region RW_IRAM1 (Base: 0x20000000, Size: 0x00000d50, Max: 0x00010000, ABSOLUTE)

    Base Addr    Size         Type   Attr      Idx    E Section Name        Object

    0x20000000   0x0000000c   Data   RW            3    .data               main.o
    0x2000000c   0x00000014   Data   RW          185    .data               system_stm32f10x.o
    0x20000020   0x00000001   Data   RW          215    .data               key.o
    0x20000021   0x00000001   PAD
    0x20000022   0x00000002   Data   RW          229    .data               usart3.o
    0x20000024   0x00000006   Data   RW          254    .data               timer.o
    0x2000002a   0x00000002   Data   RW          277    .data               api.o
    0x2000002c   0x00000004   Data   RW          292    .data               delay.o
    0x20000030   0x00000006   Data   RW          324    .data               usart.o
    0x20000036   0x00000014   Data   RW          387    .data               stm32f10x_rcc.o
    0x2000004a   0x00000002   PAD
    0x2000004c   0x000004b0   Zero   RW          228    .bss                usart3.o
    0x200004fc   0x0000012c   Zero   RW          275    .bss                api.o
    0x20000628   0x000000c8   Zero   RW          323    .bss                usart.o
    0x200006f0   0x00000060   Zero   RW          631    .bss                c_w.l(libspace.o)
    0x20000750   0x00000200   Zero   RW          356    HEAP                startup_stm32f10x_hd.o
    0x20000950   0x00000400   Zero   RW          355    STACK               startup_stm32f10x_hd.o


==============================================================================

Image component sizes


      Code (inc. data)   RO Data    RW Data    ZI Data      Debug   Object Name

       360        144        269          2        300       1677   api.o
       212         18          0          4          0        991   delay.o
       216         14          0          1          0        792   key.o
       104         14          0          0          0        495   led.o
       880        238         18         12          0     254921   main.o
       220         22          0          0          0       1769   misc.o
        64         26        304          0       1536        788   startup_stm32f10x_hd.o
       860         38          0          0          0       5613   stm32f10x_gpio.o
        26          0          0          0          0       1166   stm32f10x_it.o
       932         36          0         20          0       8768   stm32f10x_rcc.o
      3610         88          0          0          0      22096   stm32f10x_tim.o
      1032         22          0          0          0       8340   stm32f10x_usart.o
         0          0          0          0          0         32   sys.o
       480         38          0         20          0       1695   system_stm32f10x.o
       280         16          0          6          0       1769   timer.o
       320         16          0          6        200       3098   usart.o
       380         24          0          2       1200       2502   usart3.o

    ----------------------------------------------------------------------
      9978        754        628         76       3236     316512   Object Totals
         0          0         32          0          0          0   (incl. Generated)
         2          0          5          3          0          0   (incl. Padding)

    ----------------------------------------------------------------------

      Code (inc. data)   RO Data    RW Data    ZI Data      Debug   Library Member Name

        24          4          0          0          0         84   __2printf.o
        44          6          0          0          0         84   __2sprintf.o
         8          0          0          0          0         68   __main.o
       392          4         17          0          0         92   __printf_flags_ss_wp.o
        14          0          0          0          0         68   __printf_wp.o
         0          0          0          0          0          0   __rtentry.o
        12          0          0          0          0          0   __rtentry2.o
         6          0          0          0          0          0   __rtentry4.o
        52          8          0          0          0          0   __scatter.o
        26          0          0          0          0          0   __scatter_copy.o
        28          0          0          0          0          0   __scatter_zi.o
         6          0          0          0          0          0   _printf_a.o
         6          0          0          0          0          0   _printf_c.o
        44          0          0          0          0        108   _printf_char.o
        48          6          0          0          0         96   _printf_char_common.o
        36          4          0          0          0         80   _printf_char_file.o
        40          0          0          0          0         68   _printf_charcount.o
         6          0          0          0          0          0   _printf_d.o
       120         16          0          0          0         92   _printf_dec.o
         6          0          0          0          0          0   _printf_e.o
         6          0          0          0          0          0   _printf_f.o
      1050          0          0          0          0        216   _printf_fp_dec.o
       128         16          0          0          0         84   _printf_fp_infnan.o
         6          0          0          0          0          0   _printf_g.o
       148          4         40          0          0        160   _printf_hex_int_ll_ptr.o
         6          0          0          0          0          0   _printf_i.o
       178          0          0          0          0         88   _printf_intcommon.o
        10          0          0          0          0          0   _printf_l.o
         6          0          0          0          0          0   _printf_lc.o
        10          0          0          0          0          0   _printf_ll.o
         6          0          0          0          0          0   _printf_lld.o
         6          0          0          0          0          0   _printf_lli.o
         6          0          0          0          0          0   _printf_llo.o
         6          0          0          0          0          0   _printf_llu.o
         6          0          0          0          0          0   _printf_llx.o
       124         16          0          0          0         92   _printf_longlong_dec.o
         6          0          0          0          0          0   _printf_ls.o
         6          0          0          0          0          0   _printf_n.o
         6          0          0          0          0          0   _printf_o.o
       112          8          0          0          0        124   _printf_oct_int_ll.o
         6          0          0          0          0          0   _printf_p.o
        78          0          0          0          0        108   _printf_pad.o
         0          0          0          0          0          0   _printf_percent.o
         4          0          0          0          0          0   _printf_percent_end.o
         6          0          0          0          0          0   _printf_s.o
        82          0          0          0          0         80   _printf_str.o
        36          0          0          0          0         84   _printf_truncate.o
         6          0          0          0          0          0   _printf_u.o
        44          0          0          0          0        108   _printf_wchar.o
       188          6          8          0          0         92   _printf_wctomb.o
         6          0          0          0          0          0   _printf_x.o
        10          0          0          0          0         68   _sputc.o
        64          0          0          0          0         92   _wcrtomb.o
       220          4        148          0          0         96   bigflt0.o
      1910        128          0          0          0        672   btod.o
        24          4          0          0          0         84   c89printf.o
        36          4          0          0          0         76   c89vsprintf.o
        12          0          0          0          0         72   exit.o
         8          0          0          0          0         68   ferror.o
         6          0          0          0          0        152   heapauxi.o
        44         10        272          0          0         76   lc_ctype_c.o
        44         10         28          0          0         76   lc_numeric_c.o
         2          0          0          0          0          0   libinit.o
        30          0          0          0          0          0   libinit2.o
         2          0          0          0          0          0   libshutdown.o
         2          0          0          0          0          0   libshutdown2.o
         8          4          0          0         96         68   libspace.o
       138          0          0          0          0         80   lludiv10.o
        16          4          0          0          0         76   rt_ctype_table.o
         8          4          0          0          0         68   rt_locale_intlibspace.o
        68          0          0          0          0         68   rt_memclr.o
        78          0          0          0          0         80   rt_memclr_w.o
         2          0          0          0          0          0   rtexit.o
        10          0          0          0          0          0   rtexit2.o
       128          0          0          0          0         68   strcmpv7m.o
        62          0          0          0          0         76   strlen.o
        36          0          0          0          0         80   strstr.o
        74          0          0          0          0         80   sys_stackheap_outer.o
         2          0          0          0          0         68   use_no_semi.o
         2          0          0          0          0         68   use_no_semi_2.o
        12          0          0          0          0         68   dretinf.o
        86          4          0          0          0         84   f2d.o
       140          4          0          0          0         84   fnaninf.o
         4          0          0          0          0         68   printf1.o
         0          0          0          0          0          0   usenofp.o
        40          0          0          0          0         68   fpclassify.o

    ----------------------------------------------------------------------
      6548        278        514          0         96       4860   Library Totals
        14          0          1          0          0          0   (incl. Padding)

    ----------------------------------------------------------------------

      Code (inc. data)   RO Data    RW Data    ZI Data      Debug   Library Name

      6252        270        513          0         96       4488   c_w.l
       242          8          0          0          0        304   fz_ws.l
        40          0          0          0          0         68   m_ws.l

    ----------------------------------------------------------------------
      6548        278        514          0         96       4860   Library Totals

    ----------------------------------------------------------------------

==============================================================================


      Code (inc. data)   RO Data    RW Data    ZI Data      Debug   

     16526       1032       1142         76       3332     317520   Grand Totals
     16526       1032       1142         76       3332     317520   ELF Image Totals
     16526       1032       1142         76          0          0   ROM Totals

==============================================================================

    Total RO  Size (Code + RO Data)                17668 (  17.25kB)
    Total RW  Size (RW Data + ZI Data)              3408 (   3.33kB)
    Total ROM Size (Code + RO Data + RW Data)      17744 (  17.33kB)

==============================================================================

